<?xml version="1.0"?>
<link_info>
   <banner>TMS320C55x Linker PC v4.4.1</banner>
   <copyright>Copyright (c) 1996-2012 Texas Instruments Incorporated</copyright>
   <link_time>0x631dbf21</link_time>
   <output_file>Przetwarzanie_sygnalow.out</output_file>
   <entry_point>
      <name>_c_int00</name>
      <address>0x311a5</address>
   </entry_point>
   <input_file_list>
      <input_file id="fl-2">
         <path>.\</path>
         <kind>object</kind>
         <file>main.obj</file>
         <name>main.obj</name>
      </input_file>
      <input_file id="fl-3">
         <path>.\BOOST5545ULP\</path>
         <kind>object</kind>
         <file>button.obj</file>
         <name>button.obj</name>
      </input_file>
      <input_file id="fl-4">
         <path>.\BOOST5545ULP\</path>
         <kind>object</kind>
         <file>codec_3206.obj</file>
         <name>codec_3206.obj</name>
      </input_file>
      <input_file id="fl-5">
         <path>.\BOOST5545ULP\</path>
         <kind>object</kind>
         <file>led.obj</file>
         <name>led.obj</name>
      </input_file>
      <input_file id="fl-6">
         <path>.\BOOST5545ULP\</path>
         <kind>object</kind>
         <file>oled.obj</file>
         <name>oled.obj</name>
      </input_file>
      <input_file id="fl-7">
         <path>.\src\</path>
         <kind>object</kind>
         <file>csl_audioClass.obj</file>
         <name>csl_audioClass.obj</name>
      </input_file>
      <input_file id="fl-8">
         <path>.\src\</path>
         <kind>object</kind>
         <file>csl_cdc.obj</file>
         <name>csl_cdc.obj</name>
      </input_file>
      <input_file id="fl-9">
         <path>.\src\</path>
         <kind>object</kind>
         <file>csl_dat.obj</file>
         <name>csl_dat.obj</name>
      </input_file>
      <input_file id="fl-a">
         <path>.\src\</path>
         <kind>object</kind>
         <file>csl_dma.obj</file>
         <name>csl_dma.obj</name>
      </input_file>
      <input_file id="fl-b">
         <path>.\src\</path>
         <kind>object</kind>
         <file>csl_emif.obj</file>
         <name>csl_emif.obj</name>
      </input_file>
      <input_file id="fl-c">
         <path>.\src\</path>
         <kind>object</kind>
         <file>csl_gpio.obj</file>
         <name>csl_gpio.obj</name>
      </input_file>
      <input_file id="fl-d">
         <path>.\src\</path>
         <kind>object</kind>
         <file>csl_gpt.obj</file>
         <name>csl_gpt.obj</name>
      </input_file>
      <input_file id="fl-e">
         <path>.\src\</path>
         <kind>object</kind>
         <file>csl_i2c.obj</file>
         <name>csl_i2c.obj</name>
      </input_file>
      <input_file id="fl-f">
         <path>.\src\</path>
         <kind>object</kind>
         <file>csl_i2s.obj</file>
         <name>csl_i2s.obj</name>
      </input_file>
      <input_file id="fl-10">
         <path>.\src\</path>
         <kind>object</kind>
         <file>csl_intc.obj</file>
         <name>csl_intc.obj</name>
      </input_file>
      <input_file id="fl-11">
         <path>.\src\</path>
         <kind>object</kind>
         <file>csl_irqplug.obj</file>
         <name>csl_irqplug.obj</name>
      </input_file>
      <input_file id="fl-12">
         <path>.\src\</path>
         <kind>object</kind>
         <file>csl_lcdc.obj</file>
         <name>csl_lcdc.obj</name>
      </input_file>
      <input_file id="fl-13">
         <path>.\src\</path>
         <kind>object</kind>
         <file>csl_mcbsp.obj</file>
         <name>csl_mcbsp.obj</name>
      </input_file>
      <input_file id="fl-14">
         <path>.\src\</path>
         <kind>object</kind>
         <file>csl_mcspi.obj</file>
         <name>csl_mcspi.obj</name>
      </input_file>
      <input_file id="fl-15">
         <path>.\src\</path>
         <kind>object</kind>
         <file>csl_mem.obj</file>
         <name>csl_mem.obj</name>
      </input_file>
      <input_file id="fl-16">
         <path>.\src\</path>
         <kind>object</kind>
         <file>csl_mmcsd.obj</file>
         <name>csl_mmcsd.obj</name>
      </input_file>
      <input_file id="fl-17">
         <path>.\src\</path>
         <kind>object</kind>
         <file>csl_mmcsd_ataIf.obj</file>
         <name>csl_mmcsd_ataIf.obj</name>
      </input_file>
      <input_file id="fl-18">
         <path>.\src\</path>
         <kind>object</kind>
         <file>csl_msc.obj</file>
         <name>csl_msc.obj</name>
      </input_file>
      <input_file id="fl-19">
         <path>.\src\</path>
         <kind>object</kind>
         <file>csl_pll.obj</file>
         <name>csl_pll.obj</name>
      </input_file>
      <input_file id="fl-1a">
         <path>.\src\</path>
         <kind>object</kind>
         <file>csl_rtc.obj</file>
         <name>csl_rtc.obj</name>
      </input_file>
      <input_file id="fl-1b">
         <path>.\src\</path>
         <kind>object</kind>
         <file>csl_sar.obj</file>
         <name>csl_sar.obj</name>
      </input_file>
      <input_file id="fl-1c">
         <path>.\src\</path>
         <kind>object</kind>
         <file>csl_sdio.obj</file>
         <name>csl_sdio.obj</name>
      </input_file>
      <input_file id="fl-1d">
         <path>.\src\</path>
         <kind>object</kind>
         <file>csl_spi.obj</file>
         <name>csl_spi.obj</name>
      </input_file>
      <input_file id="fl-1e">
         <path>.\src\</path>
         <kind>object</kind>
         <file>csl_sysctrl.obj</file>
         <name>csl_sysctrl.obj</name>
      </input_file>
      <input_file id="fl-1f">
         <path>.\src\</path>
         <kind>object</kind>
         <file>csl_uart.obj</file>
         <name>csl_uart.obj</name>
      </input_file>
      <input_file id="fl-20">
         <path>.\src\</path>
         <kind>object</kind>
         <file>csl_uhpi.obj</file>
         <name>csl_uhpi.obj</name>
      </input_file>
      <input_file id="fl-21">
         <path>.\src\</path>
         <kind>object</kind>
         <file>csl_usb.obj</file>
         <name>csl_usb.obj</name>
      </input_file>
      <input_file id="fl-22">
         <path>.\src\</path>
         <kind>object</kind>
         <file>csl_wdt.obj</file>
         <name>csl_wdt.obj</name>
      </input_file>
      <input_file id="fl-23">
         <path>.\src\</path>
         <kind>object</kind>
         <file>evm5515.obj</file>
         <name>evm5515.obj</name>
      </input_file>
      <input_file id="fl-24">
         <path>.\src\</path>
         <kind>object</kind>
         <file>evm5515_gpio.obj</file>
         <name>evm5515_gpio.obj</name>
      </input_file>
      <input_file id="fl-25">
         <path>.\src\</path>
         <kind>object</kind>
         <file>evm5515_i2c.obj</file>
         <name>evm5515_i2c.obj</name>
      </input_file>
      <input_file id="fl-26">
         <path>.\src\</path>
         <kind>object</kind>
         <file>i2c_probe.obj</file>
         <name>i2c_probe.obj</name>
      </input_file>
      <input_file id="fl-27">
         <path>.\src\</path>
         <kind>object</kind>
         <file>platform.obj</file>
         <name>platform.obj</name>
      </input_file>
      <input_file id="fl-28">
         <path>.\src\</path>
         <kind>object</kind>
         <file>system_init.obj</file>
         <name>system_init.obj</name>
      </input_file>
      <input_file id="fl-29">
         <path>.\src\</path>
         <kind>object</kind>
         <file>vectors.obj</file>
         <name>vectors.obj</name>
      </input_file>
      <input_file id="fl-40">
         <path>C:\ti\ccs1110\ccs\tools\compiler\c5500_4.4.1\lib\</path>
         <kind>archive</kind>
         <file>rts55x.lib</file>
         <name>boot.obj</name>
      </input_file>
      <input_file id="fl-41">
         <path>C:\ti\ccs1110\ccs\tools\compiler\c5500_4.4.1\lib\</path>
         <kind>archive</kind>
         <file>rts55x.lib</file>
         <name>defs.obj</name>
      </input_file>
      <input_file id="fl-42">
         <path>C:\ti\ccs1110\ccs\tools\compiler\c5500_4.4.1\lib\</path>
         <kind>archive</kind>
         <file>rts55x.lib</file>
         <name>divul.obj</name>
      </input_file>
      <input_file id="fl-43">
         <path>C:\ti\ccs1110\ccs\tools\compiler\c5500_4.4.1\lib\</path>
         <kind>archive</kind>
         <file>rts55x.lib</file>
         <name>exit.obj</name>
      </input_file>
      <input_file id="fl-44">
         <path>C:\ti\ccs1110\ccs\tools\compiler\c5500_4.4.1\lib\</path>
         <kind>archive</kind>
         <file>rts55x.lib</file>
         <name>fflush.obj</name>
      </input_file>
      <input_file id="fl-45">
         <path>C:\ti\ccs1110\ccs\tools\compiler\c5500_4.4.1\lib\</path>
         <kind>archive</kind>
         <file>rts55x.lib</file>
         <name>fscanf.obj</name>
      </input_file>
      <input_file id="fl-46">
         <path>C:\ti\ccs1110\ccs\tools\compiler\c5500_4.4.1\lib\</path>
         <kind>archive</kind>
         <file>rts55x.lib</file>
         <name>lmpy.obj</name>
      </input_file>
      <input_file id="fl-47">
         <path>C:\ti\ccs1110\ccs\tools\compiler\c5500_4.4.1\lib\</path>
         <kind>archive</kind>
         <file>rts55x.lib</file>
         <name>lowlev.obj</name>
      </input_file>
      <input_file id="fl-48">
         <path>C:\ti\ccs1110\ccs\tools\compiler\c5500_4.4.1\lib\</path>
         <kind>archive</kind>
         <file>rts55x.lib</file>
         <name>printf.obj</name>
      </input_file>
      <input_file id="fl-49">
         <path>C:\ti\ccs1110\ccs\tools\compiler\c5500_4.4.1\lib\</path>
         <kind>archive</kind>
         <file>rts55x.lib</file>
         <name>remul.obj</name>
      </input_file>
      <input_file id="fl-4a">
         <path>C:\ti\ccs1110\ccs\tools\compiler\c5500_4.4.1\lib\</path>
         <kind>archive</kind>
         <file>rts55x.lib</file>
         <name>strlen.obj</name>
      </input_file>
      <input_file id="fl-4b">
         <path>C:\ti\ccs1110\ccs\tools\compiler\c5500_4.4.1\lib\</path>
         <kind>archive</kind>
         <file>rts55x.lib</file>
         <name>trgdrv.obj</name>
      </input_file>
      <input_file id="fl-4c">
         <path>C:\ti\ccs1110\ccs\tools\compiler\c5500_4.4.1\lib\</path>
         <kind>archive</kind>
         <file>rts55x.lib</file>
         <name>trgmsg.obj</name>
      </input_file>
      <input_file id="fl-4d">
         <path>C:\ti\ccs1110\ccs\tools\compiler\c5500_4.4.1\lib\</path>
         <kind>archive</kind>
         <file>rts55x.lib</file>
         <name>udiv.obj</name>
      </input_file>
      <input_file id="fl-4e">
         <path>C:\ti\ccs1110\ccs\tools\compiler\c5500_4.4.1\lib\</path>
         <kind>archive</kind>
         <file>rts55x.lib</file>
         <name>ungetc.obj</name>
      </input_file>
      <input_file id="fl-4f">
         <path>C:\ti\ccs1110\ccs\tools\compiler\c5500_4.4.1\lib\</path>
         <kind>archive</kind>
         <file>rts55x.lib</file>
         <name>vectors.obj</name>
      </input_file>
      <input_file id="fl-50">
         <path>C:\ti\ccs1110\ccs\tools\compiler\c5500_4.4.1\lib\</path>
         <kind>archive</kind>
         <file>rts55x.lib</file>
         <name>vsprintf.obj</name>
      </input_file>
      <input_file id="fl-51">
         <path>C:\ti\ccs1110\ccs\tools\compiler\c5500_4.4.1\lib\</path>
         <kind>archive</kind>
         <file>rts55x.lib</file>
         <name>_lock.obj</name>
      </input_file>
      <input_file id="fl-52">
         <path>C:\ti\ccs1110\ccs\tools\compiler\c5500_4.4.1\lib\</path>
         <kind>archive</kind>
         <file>rts55x.lib</file>
         <name>_printfi.obj</name>
      </input_file>
      <input_file id="fl-53">
         <path>C:\ti\ccs1110\ccs\tools\compiler\c5500_4.4.1\lib\</path>
         <kind>archive</kind>
         <file>rts55x.lib</file>
         <name>_scanfi.obj</name>
      </input_file>
      <input_file id="fl-54">
         <path>C:\ti\ccs1110\ccs\tools\compiler\c5500_4.4.1\lib\</path>
         <kind>archive</kind>
         <file>rts55x.lib</file>
         <name>args_main.obj</name>
      </input_file>
      <input_file id="fl-55">
         <path>C:\ti\ccs1110\ccs\tools\compiler\c5500_4.4.1\lib\</path>
         <kind>archive</kind>
         <file>rts55x.lib</file>
         <name>atoi.obj</name>
      </input_file>
      <input_file id="fl-56">
         <path>C:\ti\ccs1110\ccs\tools\compiler\c5500_4.4.1\lib\</path>
         <kind>archive</kind>
         <file>rts55x.lib</file>
         <name>autoinit.obj</name>
      </input_file>
      <input_file id="fl-57">
         <path>C:\ti\ccs1110\ccs\tools\compiler\c5500_4.4.1\lib\</path>
         <kind>archive</kind>
         <file>rts55x.lib</file>
         <name>cmpd.obj</name>
      </input_file>
      <input_file id="fl-58">
         <path>C:\ti\ccs1110\ccs\tools\compiler\c5500_4.4.1\lib\</path>
         <kind>archive</kind>
         <file>rts55x.lib</file>
         <name>ctype.obj</name>
      </input_file>
      <input_file id="fl-59">
         <path>C:\ti\ccs1110\ccs\tools\compiler\c5500_4.4.1\lib\</path>
         <kind>archive</kind>
         <file>rts55x.lib</file>
         <name>divd.obj</name>
      </input_file>
      <input_file id="fl-5a">
         <path>C:\ti\ccs1110\ccs\tools\compiler\c5500_4.4.1\lib\</path>
         <kind>archive</kind>
         <file>rts55x.lib</file>
         <name>fgetc.obj</name>
      </input_file>
      <input_file id="fl-5b">
         <path>C:\ti\ccs1110\ccs\tools\compiler\c5500_4.4.1\lib\</path>
         <kind>archive</kind>
         <file>rts55x.lib</file>
         <name>fixdi.obj</name>
      </input_file>
      <input_file id="fl-5c">
         <path>C:\ti\ccs1110\ccs\tools\compiler\c5500_4.4.1\lib\</path>
         <kind>archive</kind>
         <file>rts55x.lib</file>
         <name>fixdli.obj</name>
      </input_file>
      <input_file id="fl-5d">
         <path>C:\ti\ccs1110\ccs\tools\compiler\c5500_4.4.1\lib\</path>
         <kind>archive</kind>
         <file>rts55x.lib</file>
         <name>fltlid.obj</name>
      </input_file>
      <input_file id="fl-5e">
         <path>C:\ti\ccs1110\ccs\tools\compiler\c5500_4.4.1\lib\</path>
         <kind>archive</kind>
         <file>rts55x.lib</file>
         <name>fputc.obj</name>
      </input_file>
      <input_file id="fl-5f">
         <path>C:\ti\ccs1110\ccs\tools\compiler\c5500_4.4.1\lib\</path>
         <kind>archive</kind>
         <file>rts55x.lib</file>
         <name>fputs.obj</name>
      </input_file>
      <input_file id="fl-60">
         <path>C:\ti\ccs1110\ccs\tools\compiler\c5500_4.4.1\lib\</path>
         <kind>archive</kind>
         <file>rts55x.lib</file>
         <name>frcmpyd_div.obj</name>
      </input_file>
      <input_file id="fl-61">
         <path>C:\ti\ccs1110\ccs\tools\compiler\c5500_4.4.1\lib\</path>
         <kind>archive</kind>
         <file>rts55x.lib</file>
         <name>isinf.obj</name>
      </input_file>
      <input_file id="fl-62">
         <path>C:\ti\ccs1110\ccs\tools\compiler\c5500_4.4.1\lib\</path>
         <kind>archive</kind>
         <file>rts55x.lib</file>
         <name>llmpy.obj</name>
      </input_file>
      <input_file id="fl-63">
         <path>C:\ti\ccs1110\ccs\tools\compiler\c5500_4.4.1\lib\</path>
         <kind>archive</kind>
         <file>rts55x.lib</file>
         <name>ltoa.obj</name>
      </input_file>
      <input_file id="fl-64">
         <path>C:\ti\ccs1110\ccs\tools\compiler\c5500_4.4.1\lib\</path>
         <kind>archive</kind>
         <file>rts55x.lib</file>
         <name>memccpy.obj</name>
      </input_file>
      <input_file id="fl-65">
         <path>C:\ti\ccs1110\ccs\tools\compiler\c5500_4.4.1\lib\</path>
         <kind>archive</kind>
         <file>rts55x.lib</file>
         <name>memcpy.obj</name>
      </input_file>
      <input_file id="fl-66">
         <path>C:\ti\ccs1110\ccs\tools\compiler\c5500_4.4.1\lib\</path>
         <kind>archive</kind>
         <file>rts55x.lib</file>
         <name>mpyd.obj</name>
      </input_file>
      <input_file id="fl-67">
         <path>C:\ti\ccs1110\ccs\tools\compiler\c5500_4.4.1\lib\</path>
         <kind>archive</kind>
         <file>rts55x.lib</file>
         <name>negd.obj</name>
      </input_file>
      <input_file id="fl-68">
         <path>C:\ti\ccs1110\ccs\tools\compiler\c5500_4.4.1\lib\</path>
         <kind>archive</kind>
         <file>rts55x.lib</file>
         <name>remli.obj</name>
      </input_file>
      <input_file id="fl-69">
         <path>C:\ti\ccs1110\ccs\tools\compiler\c5500_4.4.1\lib\</path>
         <kind>archive</kind>
         <file>rts55x.lib</file>
         <name>setvbuf.obj</name>
      </input_file>
      <input_file id="fl-6a">
         <path>C:\ti\ccs1110\ccs\tools\compiler\c5500_4.4.1\lib\</path>
         <kind>archive</kind>
         <file>rts55x.lib</file>
         <name>strtod.obj</name>
      </input_file>
      <input_file id="fl-6b">
         <path>C:\ti\ccs1110\ccs\tools\compiler\c5500_4.4.1\lib\</path>
         <kind>archive</kind>
         <file>rts55x.lib</file>
         <name>strtol.obj</name>
      </input_file>
      <input_file id="fl-6c">
         <path>C:\ti\ccs1110\ccs\tools\compiler\c5500_4.4.1\lib\</path>
         <kind>archive</kind>
         <file>rts55x.lib</file>
         <name>strtold.obj</name>
      </input_file>
      <input_file id="fl-6d">
         <path>C:\ti\ccs1110\ccs\tools\compiler\c5500_4.4.1\lib\</path>
         <kind>archive</kind>
         <file>rts55x.lib</file>
         <name>strtoll.obj</name>
      </input_file>
      <input_file id="fl-6e">
         <path>C:\ti\ccs1110\ccs\tools\compiler\c5500_4.4.1\lib\</path>
         <kind>archive</kind>
         <file>rts55x.lib</file>
         <name>strtoul.obj</name>
      </input_file>
      <input_file id="fl-6f">
         <path>C:\ti\ccs1110\ccs\tools\compiler\c5500_4.4.1\lib\</path>
         <kind>archive</kind>
         <file>rts55x.lib</file>
         <name>strtoull.obj</name>
      </input_file>
      <input_file id="fl-70">
         <path>C:\ti\ccs1110\ccs\tools\compiler\c5500_4.4.1\lib\</path>
         <kind>archive</kind>
         <file>rts55x.lib</file>
         <name>subd.obj</name>
      </input_file>
      <input_file id="fl-71">
         <path>C:\ti\ccs1110\ccs\tools\compiler\c5500_4.4.1\lib\</path>
         <kind>archive</kind>
         <file>rts55x.lib</file>
         <name>_bufread.obj</name>
      </input_file>
      <input_file id="fl-72">
         <path>C:\ti\ccs1110\ccs\tools\compiler\c5500_4.4.1\lib\</path>
         <kind>archive</kind>
         <file>rts55x.lib</file>
         <name>_io_perm.obj</name>
      </input_file>
      <input_file id="fl-73">
         <path>C:\ti\ccs1110\ccs\tools\compiler\c5500_4.4.1\lib\</path>
         <kind>archive</kind>
         <file>rts55x.lib</file>
         <name>addd.obj</name>
      </input_file>
      <input_file id="fl-74">
         <path>C:\ti\ccs1110\ccs\tools\compiler\c5500_4.4.1\lib\</path>
         <kind>archive</kind>
         <file>rts55x.lib</file>
         <name>divli.obj</name>
      </input_file>
      <input_file id="fl-75">
         <path>C:\ti\ccs1110\ccs\tools\compiler\c5500_4.4.1\lib\</path>
         <kind>archive</kind>
         <file>rts55x.lib</file>
         <name>errno.obj</name>
      </input_file>
      <input_file id="fl-76">
         <path>C:\ti\ccs1110\ccs\tools\compiler\c5500_4.4.1\lib\</path>
         <kind>archive</kind>
         <file>rts55x.lib</file>
         <name>fopen.obj</name>
      </input_file>
      <input_file id="fl-77">
         <path>C:\ti\ccs1110\ccs\tools\compiler\c5500_4.4.1\lib\</path>
         <kind>archive</kind>
         <file>rts55x.lib</file>
         <name>frcmpyd.obj</name>
      </input_file>
      <input_file id="fl-78">
         <path>C:\ti\ccs1110\ccs\tools\compiler\c5500_4.4.1\lib\</path>
         <kind>archive</kind>
         <file>rts55x.lib</file>
         <name>fseek.obj</name>
      </input_file>
      <input_file id="fl-79">
         <path>C:\ti\ccs1110\ccs\tools\compiler\c5500_4.4.1\lib\</path>
         <kind>archive</kind>
         <file>rts55x.lib</file>
         <name>idiv.obj</name>
      </input_file>
      <input_file id="fl-7a">
         <path>C:\ti\ccs1110\ccs\tools\compiler\c5500_4.4.1\lib\</path>
         <kind>archive</kind>
         <file>rts55x.lib</file>
         <name>memory.obj</name>
      </input_file>
      <input_file id="fl-7b">
         <path>C:\ti\ccs1110\ccs\tools\compiler\c5500_4.4.1\lib\</path>
         <kind>archive</kind>
         <file>rts55x.lib</file>
         <name>fclose.obj</name>
      </input_file>
      <input_file id="fl-7c">
         <path>C:\ti\ccs1110\ccs\tools\compiler\c5500_4.4.1\lib\</path>
         <kind>archive</kind>
         <file>rts55x.lib</file>
         <name>remove.obj</name>
      </input_file>
   </input_file_list>
   <object_component_list>
      <object_component id="oc-138">
         <name>vectors</name>
         <load_address>0x100</load_address>
         <run_address>0x100</run_address>
         <size>0x100</size>
         <input_file_ref idref="fl-4f"/>
      </object_component>
      <object_component id="oc-ef">
         <name>vectors</name>
         <load_address>0x200</load_address>
         <run_address>0x200</run_address>
         <size>0x100</size>
         <input_file_ref idref="fl-29"/>
      </object_component>
      <object_component id="oc-81">
         <name>.text</name>
         <load_address>0x10000</load_address>
         <run_address>0x10000</run_address>
         <size>0x451b</size>
         <input_file_ref idref="fl-16"/>
      </object_component>
      <object_component id="oc-8e">
         <name>.text</name>
         <load_address>0x1451b</load_address>
         <run_address>0x1451b</run_address>
         <size>0x2dd0</size>
         <input_file_ref idref="fl-18"/>
      </object_component>
      <object_component id="oc-a3">
         <name>.text</name>
         <load_address>0x172eb</load_address>
         <run_address>0x172eb</run_address>
         <size>0x29ff</size>
         <input_file_ref idref="fl-1c"/>
      </object_component>
      <object_component id="oc-be">
         <name>.text</name>
         <load_address>0x19cea</load_address>
         <run_address>0x19cea</run_address>
         <size>0x255d</size>
         <input_file_ref idref="fl-21"/>
      </object_component>
      <object_component id="oc-48">
         <name>.text</name>
         <load_address>0x1c247</load_address>
         <run_address>0x1c247</run_address>
         <size>0x1f50</size>
         <input_file_ref idref="fl-a"/>
      </object_component>
      <object_component id="oc-4d">
         <name>.text</name>
         <load_address>0x1e197</load_address>
         <run_address>0x1e197</run_address>
         <size>0x1a48</size>
         <input_file_ref idref="fl-b"/>
      </object_component>
      <object_component id="oc-146">
         <name>.text</name>
         <load_address>0x1fbdf</load_address>
         <run_address>0x1fbdf</run_address>
         <size>0x15a4</size>
         <input_file_ref idref="fl-52"/>
      </object_component>
      <object_component id="oc-b4">
         <name>.text</name>
         <load_address>0x21183</load_address>
         <run_address>0x21183</run_address>
         <size>0x10b9</size>
         <input_file_ref idref="fl-1f"/>
      </object_component>
      <object_component id="oc-3b">
         <name>.text</name>
         <load_address>0x2223c</load_address>
         <run_address>0x2223c</run_address>
         <size>0xeef</size>
         <input_file_ref idref="fl-8"/>
      </object_component>
      <object_component id="oc-14c">
         <name>.text</name>
         <load_address>0x2312b</load_address>
         <run_address>0x2312b</run_address>
         <size>0xedb</size>
         <input_file_ref idref="fl-53"/>
      </object_component>
      <object_component id="oc-35">
         <name>.text</name>
         <load_address>0x24006</load_address>
         <run_address>0x24006</run_address>
         <size>0xe99</size>
         <input_file_ref idref="fl-7"/>
      </object_component>
      <object_component id="oc-5c">
         <name>.text</name>
         <load_address>0x24e9f</load_address>
         <run_address>0x24e9f</run_address>
         <size>0xe8f</size>
         <input_file_ref idref="fl-e"/>
      </object_component>
      <object_component id="oc-43">
         <name>.text</name>
         <load_address>0x25d2e</load_address>
         <run_address>0x25d2e</run_address>
         <size>0xdbe</size>
         <input_file_ref idref="fl-9"/>
      </object_component>
      <object_component id="oc-87">
         <name>.text</name>
         <load_address>0x26aec</load_address>
         <run_address>0x26aec</run_address>
         <size>0xd01</size>
         <input_file_ref idref="fl-17"/>
      </object_component>
      <object_component id="oc-9e">
         <name>.text</name>
         <load_address>0x277ed</load_address>
         <run_address>0x277ed</run_address>
         <size>0xb18</size>
         <input_file_ref idref="fl-1b"/>
      </object_component>
      <object_component id="oc-62">
         <name>.text</name>
         <load_address>0x28305</load_address>
         <run_address>0x28305</run_address>
         <size>0x997</size>
         <input_file_ref idref="fl-f"/>
      </object_component>
      <object_component id="oc-99">
         <name>.text</name>
         <load_address>0x28c9c</load_address>
         <run_address>0x28c9c</run_address>
         <size>0x895</size>
         <input_file_ref idref="fl-1a"/>
      </object_component>
      <object_component id="oc-73">
         <name>.text</name>
         <load_address>0x29531</load_address>
         <run_address>0x29531</run_address>
         <size>0x7d5</size>
         <input_file_ref idref="fl-12"/>
      </object_component>
      <object_component id="oc-2e">
         <name>.text</name>
         <load_address>0x29d06</load_address>
         <run_address>0x29d06</run_address>
         <size>0x746</size>
         <input_file_ref idref="fl-6"/>
      </object_component>
      <object_component id="oc-52">
         <name>.text</name>
         <load_address>0x2a44c</load_address>
         <run_address>0x2a44c</run_address>
         <size>0x68d</size>
         <input_file_ref idref="fl-c"/>
      </object_component>
      <object_component id="oc-112">
         <name>.text</name>
         <load_address>0x2aad9</load_address>
         <run_address>0x2aad9</run_address>
         <size>0x543</size>
         <input_file_ref idref="fl-47"/>
      </object_component>
      <object_component id="oc-124">
         <name>.text</name>
         <load_address>0x2b01c</load_address>
         <run_address>0x2b01c</run_address>
         <size>0x528</size>
         <input_file_ref idref="fl-4b"/>
      </object_component>
      <object_component id="oc-a8">
         <name>.text</name>
         <load_address>0x2b544</load_address>
         <run_address>0x2b544</run_address>
         <size>0x521</size>
         <input_file_ref idref="fl-1d"/>
      </object_component>
      <object_component id="oc-69">
         <name>.text</name>
         <load_address>0x2ba65</load_address>
         <run_address>0x2ba65</run_address>
         <size>0x508</size>
         <input_file_ref idref="fl-10"/>
      </object_component>
      <object_component id="oc-1ec">
         <name>.text</name>
         <load_address>0x2bf6d</load_address>
         <run_address>0x2bf6d</run_address>
         <size>0x4b5</size>
         <input_file_ref idref="fl-7a"/>
      </object_component>
      <object_component id="oc-e0">
         <name>.text</name>
         <load_address>0x2c422</load_address>
         <run_address>0x2c422</run_address>
         <size>0x3d1</size>
         <input_file_ref idref="fl-27"/>
      </object_component>
      <object_component id="oc-162">
         <name>.text</name>
         <load_address>0x2c7f3</load_address>
         <run_address>0x2c7f3</run_address>
         <size>0x3cc</size>
         <input_file_ref idref="fl-59"/>
      </object_component>
      <object_component id="oc-20">
         <name>.text</name>
         <load_address>0x2cbbf</load_address>
         <run_address>0x2cbbf</run_address>
         <size>0x369</size>
         <input_file_ref idref="fl-4"/>
      </object_component>
      <object_component id="oc-94">
         <name>.text</name>
         <load_address>0x2cf28</load_address>
         <run_address>0x2cf28</run_address>
         <size>0x360</size>
         <input_file_ref idref="fl-19"/>
      </object_component>
      <object_component id="oc-7c">
         <name>.text</name>
         <load_address>0x2d288</load_address>
         <run_address>0x2d288</run_address>
         <size>0x33e</size>
         <input_file_ref idref="fl-15"/>
      </object_component>
      <object_component id="oc-1b6">
         <name>.text</name>
         <load_address>0x2d5c6</load_address>
         <run_address>0x2d5c6</run_address>
         <size>0x301</size>
         <input_file_ref idref="fl-6d"/>
      </object_component>
      <object_component id="oc-57">
         <name>.text</name>
         <load_address>0x2d8c7</load_address>
         <run_address>0x2d8c7</run_address>
         <size>0x2eb</size>
         <input_file_ref idref="fl-d"/>
      </object_component>
      <object_component id="oc-11">
         <name>.text</name>
         <load_address>0x2dbb2</load_address>
         <run_address>0x2dbb2</run_address>
         <size>0x2c6</size>
         <input_file_ref idref="fl-2"/>
      </object_component>
      <object_component id="oc-1a8">
         <name>.text</name>
         <load_address>0x2de78</load_address>
         <run_address>0x2de78</run_address>
         <size>0x2bd</size>
         <input_file_ref idref="fl-6a"/>
      </object_component>
      <object_component id="oc-1b1">
         <name>.text</name>
         <load_address>0x2e135</load_address>
         <run_address>0x2e135</run_address>
         <size>0x29f</size>
         <input_file_ref idref="fl-6c"/>
      </object_component>
      <object_component id="oc-1da">
         <name>.text</name>
         <load_address>0x2e3d4</load_address>
         <run_address>0x2e3d4</run_address>
         <size>0x27f</size>
         <input_file_ref idref="fl-76"/>
      </object_component>
      <object_component id="oc-ae">
         <name>.text</name>
         <load_address>0x2e653</load_address>
         <run_address>0x2e653</run_address>
         <size>0x25e</size>
         <input_file_ref idref="fl-1e"/>
      </object_component>
      <object_component id="oc-188">
         <name>.text</name>
         <load_address>0x2e8b1</load_address>
         <run_address>0x2e8b1</run_address>
         <size>0x25e</size>
         <input_file_ref idref="fl-62"/>
      </object_component>
      <object_component id="oc-c4">
         <name>.text</name>
         <load_address>0x2eb0f</load_address>
         <run_address>0x2eb0f</run_address>
         <size>0x25c</size>
         <input_file_ref idref="fl-22"/>
      </object_component>
      <object_component id="oc-1ce">
         <name>.text</name>
         <load_address>0x2ed6b</load_address>
         <run_address>0x2ed6b</run_address>
         <size>0x25a</size>
         <input_file_ref idref="fl-73"/>
      </object_component>
      <object_component id="oc-1be">
         <name>.text</name>
         <load_address>0x2efc5</load_address>
         <run_address>0x2efc5</run_address>
         <size>0x24b</size>
         <input_file_ref idref="fl-6f"/>
      </object_component>
      <object_component id="oc-1ad">
         <name>.text</name>
         <load_address>0x2f210</load_address>
         <run_address>0x2f210</run_address>
         <size>0x208</size>
         <input_file_ref idref="fl-6b"/>
      </object_component>
      <object_component id="oc-15c">
         <name>.text</name>
         <load_address>0x2f418</load_address>
         <run_address>0x2f418</run_address>
         <size>0x1ea</size>
         <input_file_ref idref="fl-57"/>
      </object_component>
      <object_component id="oc-1ba">
         <name>.text</name>
         <load_address>0x2f602</load_address>
         <run_address>0x2f602</run_address>
         <size>0x1d1</size>
         <input_file_ref idref="fl-6e"/>
      </object_component>
      <object_component id="oc-b9">
         <name>.text</name>
         <load_address>0x2f7d3</load_address>
         <run_address>0x2f7d3</run_address>
         <size>0x18d</size>
         <input_file_ref idref="fl-20"/>
      </object_component>
      <object_component id="oc-ce">
         <name>.text</name>
         <load_address>0x2f960</load_address>
         <run_address>0x2f960</run_address>
         <size>0x164</size>
         <input_file_ref idref="fl-24"/>
      </object_component>
      <object_component id="oc-17b">
         <name>.text</name>
         <load_address>0x2fac4</load_address>
         <run_address>0x2fac4</run_address>
         <size>0x163</size>
         <input_file_ref idref="fl-5f"/>
      </object_component>
      <object_component id="oc-10a">
         <name>.text</name>
         <load_address>0x2fc27</load_address>
         <run_address>0x2fc27</run_address>
         <size>0x161</size>
         <input_file_ref idref="fl-45"/>
      </object_component>
      <object_component id="oc-198">
         <name>.text</name>
         <load_address>0x2fd88</load_address>
         <run_address>0x2fd88</run_address>
         <size>0x14c</size>
         <input_file_ref idref="fl-66"/>
      </object_component>
      <object_component id="oc-d3">
         <name>.text</name>
         <load_address>0x2fed4</load_address>
         <run_address>0x2fed4</run_address>
         <size>0x129</size>
         <input_file_ref idref="fl-25"/>
      </object_component>
      <object_component id="oc-1a4">
         <name>.text</name>
         <load_address>0x2fffd</load_address>
         <run_address>0x2fffd</run_address>
         <size>0xe6</size>
         <input_file_ref idref="fl-69"/>
      </object_component>
      <object_component id="oc-28">
         <name>.text</name>
         <load_address>0x300e3</load_address>
         <run_address>0x300e3</run_address>
         <size>0xe4</size>
         <input_file_ref idref="fl-5"/>
      </object_component>
      <object_component id="oc-1ca">
         <name>.text</name>
         <load_address>0x301c7</load_address>
         <run_address>0x301c7</run_address>
         <size>0xdd</size>
         <input_file_ref idref="fl-72"/>
      </object_component>
      <object_component id="oc-106">
         <name>.text</name>
         <load_address>0x302a4</load_address>
         <run_address>0x302a4</run_address>
         <size>0xc2</size>
         <input_file_ref idref="fl-44"/>
      </object_component>
      <object_component id="oc-12c">
         <name>.text:CIO_breakpoint</name>
         <load_address>0x30366</load_address>
         <run_address>0x30366</run_address>
         <size>0xba</size>
         <input_file_ref idref="fl-4c"/>
      </object_component>
      <object_component id="oc-e8">
         <name>.text</name>
         <load_address>0x30420</load_address>
         <run_address>0x30420</run_address>
         <size>0xb1</size>
         <input_file_ref idref="fl-28"/>
      </object_component>
      <object_component id="oc-1c6">
         <name>.text</name>
         <load_address>0x304d1</load_address>
         <run_address>0x304d1</run_address>
         <size>0xae</size>
         <input_file_ref idref="fl-71"/>
      </object_component>
      <object_component id="oc-1a">
         <name>.text</name>
         <load_address>0x3057f</load_address>
         <run_address>0x3057f</run_address>
         <size>0xab</size>
         <input_file_ref idref="fl-3"/>
      </object_component>
      <object_component id="oc-177">
         <name>.text</name>
         <load_address>0x3062a</load_address>
         <run_address>0x3062a</run_address>
         <size>0xa6</size>
         <input_file_ref idref="fl-5e"/>
      </object_component>
      <object_component id="oc-fb">
         <name>.text</name>
         <load_address>0x306d0</load_address>
         <run_address>0x306d0</run_address>
         <size>0xa1</size>
         <input_file_ref idref="fl-42"/>
      </object_component>
      <object_component id="oc-166">
         <name>.text</name>
         <load_address>0x30771</load_address>
         <run_address>0x30771</run_address>
         <size>0x9b</size>
         <input_file_ref idref="fl-5a"/>
      </object_component>
      <object_component id="oc-133">
         <name>.text</name>
         <load_address>0x3080c</load_address>
         <run_address>0x3080c</run_address>
         <size>0x9a</size>
         <input_file_ref idref="fl-4e"/>
      </object_component>
      <object_component id="oc-6f">
         <name>.text</name>
         <load_address>0x308a6</load_address>
         <run_address>0x308a6</run_address>
         <size>0x8c</size>
         <input_file_ref idref="fl-11"/>
      </object_component>
      <object_component id="oc-18c">
         <name>.text</name>
         <load_address>0x30932</load_address>
         <run_address>0x30932</run_address>
         <size>0x7d</size>
         <input_file_ref idref="fl-63"/>
      </object_component>
      <object_component id="oc-1f3">
         <name>.text</name>
         <load_address>0x309af</load_address>
         <run_address>0x309af</run_address>
         <size>0x7b</size>
         <input_file_ref idref="fl-7b"/>
      </object_component>
      <object_component id="oc-1e0">
         <name>.text</name>
         <load_address>0x30a2a</load_address>
         <run_address>0x30a2a</run_address>
         <size>0x76</size>
         <input_file_ref idref="fl-77"/>
      </object_component>
      <object_component id="oc-180">
         <name>.text</name>
         <load_address>0x30aa0</load_address>
         <run_address>0x30aa0</run_address>
         <size>0x73</size>
         <input_file_ref idref="fl-60"/>
      </object_component>
      <object_component id="oc-11c">
         <name>.text</name>
         <load_address>0x30b13</load_address>
         <run_address>0x30b13</run_address>
         <size>0x72</size>
         <input_file_ref idref="fl-49"/>
      </object_component>
      <object_component id="oc-16e">
         <name>.text</name>
         <load_address>0x30b85</load_address>
         <run_address>0x30b85</run_address>
         <size>0x6f</size>
         <input_file_ref idref="fl-5c"/>
      </object_component>
      <object_component id="oc-da">
         <name>.text</name>
         <load_address>0x30bf4</load_address>
         <run_address>0x30bf4</run_address>
         <size>0x6e</size>
         <input_file_ref idref="fl-26"/>
      </object_component>
      <object_component id="oc-129">
         <name>.text</name>
         <load_address>0x30c62</load_address>
         <run_address>0x30c62</run_address>
         <size>0x6d</size>
         <input_file_ref idref="fl-4c"/>
      </object_component>
      <object_component id="oc-ee">
         <name>.text</name>
         <load_address>0x30ccf</load_address>
         <run_address>0x30ccf</run_address>
         <size>0x6d</size>
         <input_file_ref idref="fl-29"/>
      </object_component>
      <object_component id="oc-1e4">
         <name>.text</name>
         <load_address>0x30d3c</load_address>
         <run_address>0x30d3c</run_address>
         <size>0x6b</size>
         <input_file_ref idref="fl-78"/>
      </object_component>
      <object_component id="oc-13c">
         <name>.text</name>
         <load_address>0x30da7</load_address>
         <run_address>0x30da7</run_address>
         <size>0x6a</size>
         <input_file_ref idref="fl-50"/>
      </object_component>
      <object_component id="oc-172">
         <name>.text</name>
         <load_address>0x30e11</load_address>
         <run_address>0x30e11</run_address>
         <size>0x67</size>
         <input_file_ref idref="fl-5d"/>
      </object_component>
      <object_component id="oc-154">
         <name>.text</name>
         <load_address>0x30e78</load_address>
         <run_address>0x30e78</run_address>
         <size>0x5c</size>
         <input_file_ref idref="fl-55"/>
      </object_component>
      <object_component id="oc-c9">
         <name>.text</name>
         <load_address>0x30ed4</load_address>
         <run_address>0x30ed4</run_address>
         <size>0x54</size>
         <input_file_ref idref="fl-23"/>
      </object_component>
      <object_component id="oc-118">
         <name>.text</name>
         <load_address>0x30f28</load_address>
         <run_address>0x30f28</run_address>
         <size>0x50</size>
         <input_file_ref idref="fl-48"/>
      </object_component>
      <object_component id="oc-158">
         <name>.text</name>
         <load_address>0x30f78</load_address>
         <run_address>0x30f78</run_address>
         <size>0x4d</size>
         <input_file_ref idref="fl-56"/>
      </object_component>
      <object_component id="oc-150">
         <name>.text</name>
         <load_address>0x30fc5</load_address>
         <run_address>0x30fc5</run_address>
         <size>0x4b</size>
         <input_file_ref idref="fl-54"/>
      </object_component>
      <object_component id="oc-1a0">
         <name>.text</name>
         <load_address>0x31010</load_address>
         <run_address>0x31010</run_address>
         <size>0x4b</size>
         <input_file_ref idref="fl-68"/>
      </object_component>
      <object_component id="oc-15">
         <name>.text:retain</name>
         <load_address>0x3105b</load_address>
         <run_address>0x3105b</run_address>
         <size>0x49</size>
         <input_file_ref idref="fl-2"/>
      </object_component>
      <object_component id="oc-1d2">
         <name>.text</name>
         <load_address>0x310a4</load_address>
         <run_address>0x310a4</run_address>
         <size>0x48</size>
         <input_file_ref idref="fl-74"/>
      </object_component>
      <object_component id="oc-194">
         <name>.text</name>
         <load_address>0x310ec</load_address>
         <run_address>0x310ec</run_address>
         <size>0x3f</size>
         <input_file_ref idref="fl-65"/>
      </object_component>
      <object_component id="oc-ff">
         <name>.text</name>
         <load_address>0x3112b</load_address>
         <run_address>0x3112b</run_address>
         <size>0x3e</size>
         <input_file_ref idref="fl-43"/>
      </object_component>
      <object_component id="oc-1e8">
         <name>.text</name>
         <load_address>0x31169</load_address>
         <run_address>0x31169</run_address>
         <size>0x3c</size>
         <input_file_ref idref="fl-79"/>
      </object_component>
      <object_component id="oc-10">
         <name>.text</name>
         <load_address>0x311a5</load_address>
         <run_address>0x311a5</run_address>
         <size>0x34</size>
         <input_file_ref idref="fl-40"/>
      </object_component>
      <object_component id="oc-16a">
         <name>.text</name>
         <load_address>0x311d9</load_address>
         <run_address>0x311d9</run_address>
         <size>0x2a</size>
         <input_file_ref idref="fl-5b"/>
      </object_component>
      <object_component id="oc-12f">
         <name>.text</name>
         <load_address>0x31203</load_address>
         <run_address>0x31203</run_address>
         <size>0x2a</size>
         <input_file_ref idref="fl-4d"/>
      </object_component>
      <object_component id="oc-190">
         <name>.text</name>
         <load_address>0x3122d</load_address>
         <run_address>0x3122d</run_address>
         <size>0x23</size>
         <input_file_ref idref="fl-64"/>
      </object_component>
      <object_component id="oc-184">
         <name>.text</name>
         <load_address>0x31250</load_address>
         <run_address>0x31250</run_address>
         <size>0x1a</size>
         <input_file_ref idref="fl-61"/>
      </object_component>
      <object_component id="oc-1c2">
         <name>.text</name>
         <load_address>0x3126a</load_address>
         <run_address>0x3126a</run_address>
         <size>0x14</size>
         <input_file_ref idref="fl-70"/>
      </object_component>
      <object_component id="oc-10e">
         <name>.text</name>
         <load_address>0x3127e</load_address>
         <run_address>0x3127e</run_address>
         <size>0x13</size>
         <input_file_ref idref="fl-46"/>
      </object_component>
      <object_component id="oc-140">
         <name>.text</name>
         <load_address>0x31291</load_address>
         <run_address>0x31291</run_address>
         <size>0x12</size>
         <input_file_ref idref="fl-51"/>
      </object_component>
      <object_component id="oc-120">
         <name>.text</name>
         <load_address>0x312a3</load_address>
         <run_address>0x312a3</run_address>
         <size>0x11</size>
         <input_file_ref idref="fl-4a"/>
      </object_component>
      <object_component id="oc-19c">
         <name>.text</name>
         <load_address>0x312b4</load_address>
         <run_address>0x312b4</run_address>
         <size>0x10</size>
         <input_file_ref idref="fl-67"/>
      </object_component>
      <object_component id="oc-1f7">
         <name>.text</name>
         <load_address>0x312c4</load_address>
         <run_address>0x312c4</run_address>
         <size>0xa</size>
         <input_file_ref idref="fl-7c"/>
      </object_component>
      <object_component id="oc-103">
         <name>.text:CIO_breakpoint</name>
         <load_address>0x312ce</load_address>
         <run_address>0x312ce</run_address>
         <size>0x7</size>
         <input_file_ref idref="fl-43"/>
      </object_component>
      <object_component id="oc-137">
         <name>.text</name>
         <load_address>0x312d5</load_address>
         <run_address>0x312d5</run_address>
         <size>0x2</size>
         <input_file_ref idref="fl-4f"/>
      </object_component>
      <object_component id="oc-f3">
         <name>.stack</name>
         <uninitialized>true</uninitialized>
         <run_address>0x38e6c</run_address>
         <size>0x0</size>
         <input_file_ref idref="fl-40"/>
      </object_component>
      <object_component id="oc-226">
         <name>.stack</name>
         <uninitialized>true</uninitialized>
         <run_address>0x38e6c</run_address>
         <size>0x0</size>
      </object_component>
      <object_component id="oc-1fb">
         <name>.sysstack</name>
         <uninitialized>true</uninitialized>
         <run_address>0x39e6c</run_address>
         <size>0x0</size>
         <input_file_ref idref="fl-40"/>
      </object_component>
      <object_component id="oc-228">
         <name>.sysstack</name>
         <uninitialized>true</uninitialized>
         <run_address>0x39e6c</run_address>
         <size>0x0</size>
      </object_component>
      <object_component id="oc-88">
         <name>.bss</name>
         <load_address>0x35258</load_address>
         <run_address>0x35258</run_address>
         <size>0x1a48</size>
         <input_file_ref idref="fl-17"/>
      </object_component>
      <object_component id="oc-12">
         <name>.bss</name>
         <load_address>0x36ca0</load_address>
         <run_address>0x36ca0</run_address>
         <size>0x1060</size>
         <input_file_ref idref="fl-2"/>
      </object_component>
      <object_component id="oc-bf">
         <name>.bss</name>
         <load_address>0x37d00</load_address>
         <run_address>0x37d00</run_address>
         <size>0x8e4</size>
         <input_file_ref idref="fl-21"/>
      </object_component>
      <object_component id="oc-f7">
         <name>.bss</name>
         <load_address>0x385e4</load_address>
         <run_address>0x385e4</run_address>
         <size>0x232</size>
         <input_file_ref idref="fl-41"/>
      </object_component>
      <object_component id="oc-3c">
         <name>.bss</name>
         <load_address>0x38816</load_address>
         <run_address>0x38816</run_address>
         <size>0x2</size>
         <input_file_ref idref="fl-8"/>
      </object_component>
      <object_component id="oc-e1">
         <name>.bss</name>
         <load_address>0x38818</load_address>
         <run_address>0x38818</run_address>
         <size>0x1bc</size>
         <input_file_ref idref="fl-27"/>
      </object_component>
      <object_component id="oc-125">
         <name>.bss</name>
         <load_address>0x389d4</load_address>
         <run_address>0x389d4</run_address>
         <size>0x1a0</size>
         <input_file_ref idref="fl-4b"/>
      </object_component>
      <object_component id="oc-6a">
         <name>.bss</name>
         <load_address>0x38b74</load_address>
         <run_address>0x38b74</run_address>
         <size>0x108</size>
         <input_file_ref idref="fl-10"/>
      </object_component>
      <object_component id="oc-113">
         <name>.bss</name>
         <load_address>0x38c7c</load_address>
         <run_address>0x38c7c</run_address>
         <size>0xe2</size>
         <input_file_ref idref="fl-47"/>
      </object_component>
      <object_component id="oc-63">
         <name>.bss</name>
         <load_address>0x38d5e</load_address>
         <run_address>0x38d5e</run_address>
         <size>0x54</size>
         <input_file_ref idref="fl-f"/>
      </object_component>
      <object_component id="oc-d4">
         <name>.bss</name>
         <load_address>0x38db2</load_address>
         <run_address>0x38db2</run_address>
         <size>0x2</size>
         <input_file_ref idref="fl-25"/>
      </object_component>
      <object_component id="oc-82">
         <name>.bss</name>
         <load_address>0x38db4</load_address>
         <run_address>0x38db4</run_address>
         <size>0x48</size>
         <input_file_ref idref="fl-16"/>
      </object_component>
      <object_component id="oc-5d">
         <name>.bss</name>
         <load_address>0x38dfc</load_address>
         <run_address>0x38dfc</run_address>
         <size>0x24</size>
         <input_file_ref idref="fl-e"/>
      </object_component>
      <object_component id="oc-2f">
         <name>.bss</name>
         <load_address>0x38e20</load_address>
         <run_address>0x38e20</run_address>
         <size>0x1c</size>
         <input_file_ref idref="fl-6"/>
      </object_component>
      <object_component id="oc-1ed">
         <name>.bss</name>
         <load_address>0x38e3c</load_address>
         <run_address>0x38e3c</run_address>
         <size>0xc</size>
         <input_file_ref idref="fl-7a"/>
      </object_component>
      <object_component id="oc-141">
         <name>.bss</name>
         <load_address>0x38e48</load_address>
         <run_address>0x38e48</run_address>
         <size>0x8</size>
         <input_file_ref idref="fl-51"/>
      </object_component>
      <object_component id="oc-100">
         <name>.bss</name>
         <load_address>0x38e50</load_address>
         <run_address>0x38e50</run_address>
         <size>0x8</size>
         <input_file_ref idref="fl-43"/>
      </object_component>
      <object_component id="oc-a9">
         <name>.bss</name>
         <load_address>0x38e58</load_address>
         <run_address>0x38e58</run_address>
         <size>0x6</size>
         <input_file_ref idref="fl-1d"/>
      </object_component>
      <object_component id="oc-af">
         <name>.bss</name>
         <load_address>0x38e5e</load_address>
         <run_address>0x38e5e</run_address>
         <size>0x6</size>
         <input_file_ref idref="fl-1e"/>
      </object_component>
      <object_component id="oc-21">
         <name>.bss</name>
         <load_address>0x38e64</load_address>
         <run_address>0x38e64</run_address>
         <size>0x4</size>
         <input_file_ref idref="fl-4"/>
      </object_component>
      <object_component id="oc-1d6">
         <name>.bss</name>
         <load_address>0x38e68</load_address>
         <run_address>0x38e68</run_address>
         <size>0x2</size>
         <input_file_ref idref="fl-75"/>
      </object_component>
      <object_component id="oc-1db">
         <name>.bss</name>
         <load_address>0x38e6a</load_address>
         <run_address>0x38e6a</run_address>
         <size>0x2</size>
         <input_file_ref idref="fl-76"/>
      </object_component>
      <object_component id="oc-115">
         <name>.cinit</name>
         <load_address>0x3c0c4</load_address>
         <run_address>0x3c0c4</run_address>
         <size>0x5a</size>
         <input_file_ref idref="fl-47"/>
      </object_component>
      <object_component id="oc-f9">
         <name>.cinit</name>
         <load_address>0x3c11e</load_address>
         <run_address>0x3c11e</run_address>
         <size>0x54</size>
         <input_file_ref idref="fl-41"/>
      </object_component>
      <object_component id="oc-8a">
         <name>.cinit</name>
         <load_address>0x3c172</load_address>
         <run_address>0x3c172</run_address>
         <size>0x46</size>
         <input_file_ref idref="fl-17"/>
      </object_component>
      <object_component id="oc-143">
         <name>.cinit</name>
         <load_address>0x3c1b8</load_address>
         <run_address>0x3c1b8</run_address>
         <size>0x14</size>
         <input_file_ref idref="fl-51"/>
      </object_component>
      <object_component id="oc-102">
         <name>.cinit</name>
         <load_address>0x3c1cc</load_address>
         <run_address>0x3c1cc</run_address>
         <size>0x14</size>
         <input_file_ref idref="fl-43"/>
      </object_component>
      <object_component id="oc-65">
         <name>.cinit</name>
         <load_address>0x3c1e0</load_address>
         <run_address>0x3c1e0</run_address>
         <size>0x10</size>
         <input_file_ref idref="fl-f"/>
      </object_component>
      <object_component id="oc-23">
         <name>.cinit</name>
         <load_address>0x3c1f0</load_address>
         <run_address>0x3c1f0</run_address>
         <size>0xa</size>
         <input_file_ref idref="fl-4"/>
      </object_component>
      <object_component id="oc-3e">
         <name>.cinit</name>
         <load_address>0x3c1fa</load_address>
         <run_address>0x3c1fa</run_address>
         <size>0x8</size>
         <input_file_ref idref="fl-8"/>
      </object_component>
      <object_component id="oc-d6">
         <name>.cinit</name>
         <load_address>0x3c202</load_address>
         <run_address>0x3c202</run_address>
         <size>0x8</size>
         <input_file_ref idref="fl-25"/>
      </object_component>
      <object_component id="oc-14">
         <name>.cinit</name>
         <load_address>0x3c20a</load_address>
         <run_address>0x3c20a</run_address>
         <size>0x8</size>
         <input_file_ref idref="fl-2"/>
      </object_component>
      <object_component id="oc-e3">
         <name>.cinit</name>
         <load_address>0x3c212</load_address>
         <run_address>0x3c212</run_address>
         <size>0x8</size>
         <input_file_ref idref="fl-27"/>
      </object_component>
      <object_component id="oc-1d8">
         <name>.cinit</name>
         <load_address>0x3c21a</load_address>
         <run_address>0x3c21a</run_address>
         <size>0x8</size>
         <input_file_ref idref="fl-75"/>
      </object_component>
      <object_component id="oc-1dd">
         <name>.cinit</name>
         <load_address>0x3c222</load_address>
         <run_address>0x3c222</run_address>
         <size>0x8</size>
         <input_file_ref idref="fl-76"/>
      </object_component>
      <object_component id="oc-1ef">
         <name>.cinit</name>
         <load_address>0x3c22a</load_address>
         <run_address>0x3c22a</run_address>
         <size>0x8</size>
         <input_file_ref idref="fl-7a"/>
      </object_component>
      <object_component id="oc-1fc">
         <name>.const:_arial_8ptBitmaps</name>
         <load_address>0x3ae6c</load_address>
         <run_address>0x3ae6c</run_address>
         <size>0x3b8</size>
         <input_file_ref idref="fl-6"/>
      </object_component>
      <object_component id="oc-1fd">
         <name>.const:_arial_8ptDescriptors</name>
         <load_address>0x3b224</load_address>
         <run_address>0x3b224</run_address>
         <size>0x23a</size>
         <input_file_ref idref="fl-6"/>
      </object_component>
      <object_component id="oc-207">
         <name>.const:__ctypes_</name>
         <load_address>0x3b45e</load_address>
         <run_address>0x3b45e</run_address>
         <size>0x202</size>
         <input_file_ref idref="fl-58"/>
      </object_component>
      <object_component id="oc-e4">
         <name>.const:.string</name>
         <load_address>0x3b660</load_address>
         <run_address>0x3b660</run_address>
         <size>0x192</size>
         <input_file_ref idref="fl-27"/>
      </object_component>
      <object_component id="oc-3f">
         <name>.const:.string</name>
         <load_address>0x3b7f4</load_address>
         <run_address>0x3b7f4</run_address>
         <size>0xf6</size>
         <input_file_ref idref="fl-8"/>
      </object_component>
      <object_component id="oc-16">
         <name>.const:.string</name>
         <load_address>0x3b8ec</load_address>
         <run_address>0x3b8ec</run_address>
         <size>0x78</size>
         <input_file_ref idref="fl-2"/>
      </object_component>
      <object_component id="oc-31">
         <name>.const:.string</name>
         <load_address>0x3b964</load_address>
         <run_address>0x3b964</run_address>
         <size>0x76</size>
         <input_file_ref idref="fl-6"/>
      </object_component>
      <object_component id="oc-24">
         <name>.const:.string</name>
         <load_address>0x3b9dc</load_address>
         <run_address>0x3b9dc</run_address>
         <size>0x60</size>
         <input_file_ref idref="fl-4"/>
      </object_component>
      <object_component id="oc-dc">
         <name>.const:.string</name>
         <load_address>0x3ba3c</load_address>
         <run_address>0x3ba3c</run_address>
         <size>0x56</size>
         <input_file_ref idref="fl-26"/>
      </object_component>
      <object_component id="oc-149">
         <name>.const:.string</name>
         <load_address>0x3ba94</load_address>
         <run_address>0x3ba94</run_address>
         <size>0x48</size>
         <input_file_ref idref="fl-52"/>
      </object_component>
      <object_component id="oc-1c">
         <name>.const:.string</name>
         <load_address>0x3badc</load_address>
         <run_address>0x3badc</run_address>
         <size>0x3c</size>
         <input_file_ref idref="fl-3"/>
      </object_component>
      <object_component id="oc-ea">
         <name>.const:.string</name>
         <load_address>0x3bb18</load_address>
         <run_address>0x3bb18</run_address>
         <size>0x38</size>
         <input_file_ref idref="fl-28"/>
      </object_component>
      <object_component id="oc-2a">
         <name>.const:.string</name>
         <load_address>0x3bb50</load_address>
         <run_address>0x3bb50</run_address>
         <size>0x30</size>
         <input_file_ref idref="fl-5"/>
      </object_component>
      <object_component id="oc-20b">
         <name>.const:_digits</name>
         <load_address>0x3bb80</load_address>
         <run_address>0x3bb80</run_address>
         <size>0x28</size>
         <input_file_ref idref="fl-6a"/>
      </object_component>
      <object_component id="oc-20d">
         <name>.const:_digits</name>
         <load_address>0x3bba8</load_address>
         <run_address>0x3bba8</run_address>
         <size>0x28</size>
         <input_file_ref idref="fl-6c"/>
      </object_component>
      <object_component id="oc-37">
         <name>.const:.string</name>
         <load_address>0x3bbd0</load_address>
         <run_address>0x3bbd0</run_address>
         <size>0x24</size>
         <input_file_ref idref="fl-7"/>
      </object_component>
      <object_component id="oc-90">
         <name>.const:.string</name>
         <load_address>0x3bbf4</load_address>
         <run_address>0x3bbf4</run_address>
         <size>0x24</size>
         <input_file_ref idref="fl-18"/>
      </object_component>
      <object_component id="oc-20c">
         <name>.const:_powerof10</name>
         <load_address>0x3bc18</load_address>
         <run_address>0x3bc18</run_address>
         <size>0x18</size>
         <input_file_ref idref="fl-6a"/>
      </object_component>
      <object_component id="oc-20e">
         <name>.const:_powerof10</name>
         <load_address>0x3bc30</load_address>
         <run_address>0x3bc30</run_address>
         <size>0x18</size>
         <input_file_ref idref="fl-6c"/>
      </object_component>
      <object_component id="oc-148">
         <name>.const</name>
         <load_address>0x3bc48</load_address>
         <run_address>0x3bc48</run_address>
         <size>0x18</size>
         <input_file_ref idref="fl-52"/>
      </object_component>
      <object_component id="oc-1fe">
         <name>.const:_arial_8ptFontInfo</name>
         <load_address>0x3bc60</load_address>
         <run_address>0x3bc60</run_address>
         <size>0x10</size>
         <input_file_ref idref="fl-6"/>
      </object_component>
      <object_component id="oc-20a">
         <name>.const:_initial_approx$1</name>
         <load_address>0x3bc70</load_address>
         <run_address>0x3bc70</run_address>
         <size>0x10</size>
         <input_file_ref idref="fl-59"/>
      </object_component>
      <object_component id="oc-1aa">
         <name>.const</name>
         <load_address>0x3bc80</load_address>
         <run_address>0x3bc80</run_address>
         <size>0x10</size>
         <input_file_ref idref="fl-6a"/>
      </object_component>
      <object_component id="oc-1b3">
         <name>.const</name>
         <load_address>0x3bc90</load_address>
         <run_address>0x3bc90</run_address>
         <size>0x10</size>
         <input_file_ref idref="fl-6c"/>
      </object_component>
      <object_component id="oc-208">
         <name>.const:_flit$1</name>
         <load_address>0x3bca0</load_address>
         <run_address>0x3bca0</run_address>
         <size>0xe</size>
         <input_file_ref idref="fl-53"/>
      </object_component>
      <object_component id="oc-209">
         <name>.const:_barr$2</name>
         <load_address>0x3bcae</load_address>
         <run_address>0x3bcae</run_address>
         <size>0xc</size>
         <input_file_ref idref="fl-53"/>
      </object_component>
      <object_component id="oc-17d">
         <name>.const:.string</name>
         <load_address>0x3bcbc</load_address>
         <run_address>0x3bcbc</run_address>
         <size>0x4</size>
         <input_file_ref idref="fl-5f"/>
      </object_component>
      <object_component id="oc-174">
         <name>.const</name>
         <load_address>0x3bcc0</load_address>
         <run_address>0x3bcc0</run_address>
         <size>0x4</size>
         <input_file_ref idref="fl-5d"/>
      </object_component>
      <object_component id="oc-1f0">
         <name>.sysmem</name>
         <uninitialized>true</uninitialized>
         <run_address>0x312d8</run_address>
         <size>0x0</size>
         <input_file_ref idref="fl-7a"/>
      </object_component>
      <object_component id="oc-227">
         <name>.sysmem</name>
         <uninitialized>true</uninitialized>
         <run_address>0x312d8</run_address>
         <size>0x0</size>
      </object_component>
      <object_component id="oc-12b">
         <name>.cio</name>
         <uninitialized>true</uninitialized>
         <run_address>0x3bcc8</run_address>
         <size>0x240</size>
         <input_file_ref idref="fl-4c"/>
      </object_component>
      <object_component id="oc-204">
         <name>.switch:_SDIO_eventDisable</name>
         <load_address>0x3bf08</load_address>
         <run_address>0x3bf08</run_address>
         <size>0x44</size>
         <input_file_ref idref="fl-1c"/>
      </object_component>
      <object_component id="oc-203">
         <name>.switch:_SDIO_eventEnable</name>
         <load_address>0x3bf4c</load_address>
         <run_address>0x3bf4c</run_address>
         <size>0x44</size>
         <input_file_ref idref="fl-1c"/>
      </object_component>
      <object_component id="oc-1ff">
         <name>.switch:_DMA_config</name>
         <load_address>0x3bf90</load_address>
         <run_address>0x3bf90</run_address>
         <size>0x40</size>
         <input_file_ref idref="fl-a"/>
      </object_component>
      <object_component id="oc-200">
         <name>.switch:_DMA_getConfig</name>
         <load_address>0x3bfd0</load_address>
         <run_address>0x3bfd0</run_address>
         <size>0x40</size>
         <input_file_ref idref="fl-a"/>
      </object_component>
      <object_component id="oc-201">
         <name>.switch:_DMA_reset</name>
         <load_address>0x3c010</load_address>
         <run_address>0x3c010</run_address>
         <size>0x40</size>
         <input_file_ref idref="fl-a"/>
      </object_component>
      <object_component id="oc-206">
         <name>.switch:_USB_coreEventProcessEp0</name>
         <load_address>0x3c050</load_address>
         <run_address>0x3c050</run_address>
         <size>0x30</size>
         <input_file_ref idref="fl-21"/>
      </object_component>
      <object_component id="oc-205">
         <name>.switch:_SYS_setEBSR</name>
         <load_address>0x3c080</load_address>
         <run_address>0x3c080</run_address>
         <size>0x24</size>
         <input_file_ref idref="fl-1e"/>
      </object_component>
      <object_component id="oc-202">
         <name>.switch:_MSC_Bulk</name>
         <load_address>0x3c0a4</load_address>
         <run_address>0x3c0a4</run_address>
         <size>0x20</size>
         <input_file_ref idref="fl-18"/>
      </object_component>
      <object_component id="oc-13">
         <name>.debug_info</name>
         <load_address>0x0</load_address>
         <run_address>0x0</run_address>
         <size>0x20d9</size>
         <input_file_ref idref="fl-2"/>
      </object_component>
      <object_component id="oc-1b">
         <name>.debug_info</name>
         <load_address>0x20d9</load_address>
         <run_address>0x20d9</run_address>
         <size>0x11f9</size>
         <input_file_ref idref="fl-3"/>
      </object_component>
      <object_component id="oc-22">
         <name>.debug_info</name>
         <load_address>0x32d2</load_address>
         <run_address>0x32d2</run_address>
         <size>0x24e8</size>
         <input_file_ref idref="fl-4"/>
      </object_component>
      <object_component id="oc-29">
         <name>.debug_info</name>
         <load_address>0x57ba</load_address>
         <run_address>0x57ba</run_address>
         <size>0x124e</size>
         <input_file_ref idref="fl-5"/>
      </object_component>
      <object_component id="oc-30">
         <name>.debug_info</name>
         <load_address>0x6a08</load_address>
         <run_address>0x6a08</run_address>
         <size>0x1e75</size>
         <input_file_ref idref="fl-6"/>
      </object_component>
      <object_component id="oc-36">
         <name>.debug_info</name>
         <load_address>0x887d</load_address>
         <run_address>0x887d</run_address>
         <size>0x50ea</size>
         <input_file_ref idref="fl-7"/>
      </object_component>
      <object_component id="oc-3d">
         <name>.debug_info</name>
         <load_address>0xd967</load_address>
         <run_address>0xd967</run_address>
         <size>0x554e</size>
         <input_file_ref idref="fl-8"/>
      </object_component>
      <object_component id="oc-44">
         <name>.debug_info</name>
         <load_address>0x12eb5</load_address>
         <run_address>0x12eb5</run_address>
         <size>0x1451</size>
         <input_file_ref idref="fl-9"/>
      </object_component>
      <object_component id="oc-49">
         <name>.debug_info</name>
         <load_address>0x14306</load_address>
         <run_address>0x14306</run_address>
         <size>0x2386</size>
         <input_file_ref idref="fl-a"/>
      </object_component>
      <object_component id="oc-4e">
         <name>.debug_info</name>
         <load_address>0x1668c</load_address>
         <run_address>0x1668c</run_address>
         <size>0x49d5</size>
         <input_file_ref idref="fl-b"/>
      </object_component>
      <object_component id="oc-53">
         <name>.debug_info</name>
         <load_address>0x1b061</load_address>
         <run_address>0x1b061</run_address>
         <size>0x146d</size>
         <input_file_ref idref="fl-c"/>
      </object_component>
      <object_component id="oc-58">
         <name>.debug_info</name>
         <load_address>0x1c4ce</load_address>
         <run_address>0x1c4ce</run_address>
         <size>0x1377</size>
         <input_file_ref idref="fl-d"/>
      </object_component>
      <object_component id="oc-5e">
         <name>.debug_info</name>
         <load_address>0x1d845</load_address>
         <run_address>0x1d845</run_address>
         <size>0x2460</size>
         <input_file_ref idref="fl-e"/>
      </object_component>
      <object_component id="oc-64">
         <name>.debug_info</name>
         <load_address>0x1fca5</load_address>
         <run_address>0x1fca5</run_address>
         <size>0x1fa5</size>
         <input_file_ref idref="fl-f"/>
      </object_component>
      <object_component id="oc-6b">
         <name>.debug_info</name>
         <load_address>0x21c4a</load_address>
         <run_address>0x21c4a</run_address>
         <size>0x156e</size>
         <input_file_ref idref="fl-10"/>
      </object_component>
      <object_component id="oc-70">
         <name>.debug_info</name>
         <load_address>0x231b8</load_address>
         <run_address>0x231b8</run_address>
         <size>0x110</size>
         <input_file_ref idref="fl-11"/>
      </object_component>
      <object_component id="oc-74">
         <name>.debug_info</name>
         <load_address>0x232c8</load_address>
         <run_address>0x232c8</run_address>
         <size>0x1ac8</size>
         <input_file_ref idref="fl-12"/>
      </object_component>
      <object_component id="oc-78">
         <name>.debug_info</name>
         <load_address>0x24d90</load_address>
         <run_address>0x24d90</run_address>
         <size>0x47e</size>
         <input_file_ref idref="fl-13"/>
      </object_component>
      <object_component id="oc-7a">
         <name>.debug_info</name>
         <load_address>0x2520e</load_address>
         <run_address>0x2520e</run_address>
         <size>0x47e</size>
         <input_file_ref idref="fl-14"/>
      </object_component>
      <object_component id="oc-7d">
         <name>.debug_info</name>
         <load_address>0x2568c</load_address>
         <run_address>0x2568c</run_address>
         <size>0x12f6</size>
         <input_file_ref idref="fl-15"/>
      </object_component>
      <object_component id="oc-83">
         <name>.debug_info</name>
         <load_address>0x26982</load_address>
         <run_address>0x26982</run_address>
         <size>0x9dfe</size>
         <input_file_ref idref="fl-16"/>
      </object_component>
      <object_component id="oc-89">
         <name>.debug_info</name>
         <load_address>0x30780</load_address>
         <run_address>0x30780</run_address>
         <size>0x54c8</size>
         <input_file_ref idref="fl-17"/>
      </object_component>
      <object_component id="oc-8f">
         <name>.debug_info</name>
         <load_address>0x35c48</load_address>
         <run_address>0x35c48</run_address>
         <size>0x7a6d</size>
         <input_file_ref idref="fl-18"/>
      </object_component>
      <object_component id="oc-95">
         <name>.debug_info</name>
         <load_address>0x3d6b5</load_address>
         <run_address>0x3d6b5</run_address>
         <size>0x1118</size>
         <input_file_ref idref="fl-19"/>
      </object_component>
      <object_component id="oc-9a">
         <name>.debug_info</name>
         <load_address>0x3e7cd</load_address>
         <run_address>0x3e7cd</run_address>
         <size>0x267e</size>
         <input_file_ref idref="fl-1a"/>
      </object_component>
      <object_component id="oc-9f">
         <name>.debug_info</name>
         <load_address>0x40e4b</load_address>
         <run_address>0x40e4b</run_address>
         <size>0x1b25</size>
         <input_file_ref idref="fl-1b"/>
      </object_component>
      <object_component id="oc-a4">
         <name>.debug_info</name>
         <load_address>0x42970</load_address>
         <run_address>0x42970</run_address>
         <size>0x4fda</size>
         <input_file_ref idref="fl-1c"/>
      </object_component>
      <object_component id="oc-aa">
         <name>.debug_info</name>
         <load_address>0x4794a</load_address>
         <run_address>0x4794a</run_address>
         <size>0x1d29</size>
         <input_file_ref idref="fl-1d"/>
      </object_component>
      <object_component id="oc-b0">
         <name>.debug_info</name>
         <load_address>0x49673</load_address>
         <run_address>0x49673</run_address>
         <size>0xf23</size>
         <input_file_ref idref="fl-1e"/>
      </object_component>
      <object_component id="oc-b5">
         <name>.debug_info</name>
         <load_address>0x4a596</load_address>
         <run_address>0x4a596</run_address>
         <size>0x2f32</size>
         <input_file_ref idref="fl-1f"/>
      </object_component>
      <object_component id="oc-ba">
         <name>.debug_info</name>
         <load_address>0x4d4c8</load_address>
         <run_address>0x4d4c8</run_address>
         <size>0x13fa</size>
         <input_file_ref idref="fl-20"/>
      </object_component>
      <object_component id="oc-c0">
         <name>.debug_info</name>
         <load_address>0x4e8c2</load_address>
         <run_address>0x4e8c2</run_address>
         <size>0x6d89</size>
         <input_file_ref idref="fl-21"/>
      </object_component>
      <object_component id="oc-c5">
         <name>.debug_info</name>
         <load_address>0x5564b</load_address>
         <run_address>0x5564b</run_address>
         <size>0x12b1</size>
         <input_file_ref idref="fl-22"/>
      </object_component>
      <object_component id="oc-ca">
         <name>.debug_info</name>
         <load_address>0x568fc</load_address>
         <run_address>0x568fc</run_address>
         <size>0x663</size>
         <input_file_ref idref="fl-23"/>
      </object_component>
      <object_component id="oc-cf">
         <name>.debug_info</name>
         <load_address>0x56f5f</load_address>
         <run_address>0x56f5f</run_address>
         <size>0x7f2</size>
         <input_file_ref idref="fl-24"/>
      </object_component>
      <object_component id="oc-d5">
         <name>.debug_info</name>
         <load_address>0x57751</load_address>
         <run_address>0x57751</run_address>
         <size>0xac8</size>
         <input_file_ref idref="fl-25"/>
      </object_component>
      <object_component id="oc-db">
         <name>.debug_info</name>
         <load_address>0x58219</load_address>
         <run_address>0x58219</run_address>
         <size>0x9dd</size>
         <input_file_ref idref="fl-26"/>
      </object_component>
      <object_component id="oc-e2">
         <name>.debug_info</name>
         <load_address>0x58bf6</load_address>
         <run_address>0x58bf6</run_address>
         <size>0x1d16</size>
         <input_file_ref idref="fl-27"/>
      </object_component>
      <object_component id="oc-e9">
         <name>.debug_info</name>
         <load_address>0x5a90c</load_address>
         <run_address>0x5a90c</run_address>
         <size>0xf46</size>
         <input_file_ref idref="fl-28"/>
      </object_component>
      <object_component id="oc-f0">
         <name>.debug_info</name>
         <load_address>0x5b852</load_address>
         <run_address>0x5b852</run_address>
         <size>0xfa</size>
         <input_file_ref idref="fl-29"/>
      </object_component>
      <object_component id="oc-f4">
         <name>.debug_info</name>
         <load_address>0x5b94c</load_address>
         <run_address>0x5b94c</run_address>
         <size>0xe8</size>
         <input_file_ref idref="fl-40"/>
      </object_component>
      <object_component id="oc-f8">
         <name>.debug_info</name>
         <load_address>0x5ba34</load_address>
         <run_address>0x5ba34</run_address>
         <size>0x57e</size>
         <input_file_ref idref="fl-41"/>
      </object_component>
      <object_component id="oc-fc">
         <name>.debug_info</name>
         <load_address>0x5bfb2</load_address>
         <run_address>0x5bfb2</run_address>
         <size>0x534</size>
         <input_file_ref idref="fl-42"/>
      </object_component>
      <object_component id="oc-101">
         <name>.debug_info</name>
         <load_address>0x5c4e6</load_address>
         <run_address>0x5c4e6</run_address>
         <size>0x5fb</size>
         <input_file_ref idref="fl-43"/>
      </object_component>
      <object_component id="oc-107">
         <name>.debug_info</name>
         <load_address>0x5cae1</load_address>
         <run_address>0x5cae1</run_address>
         <size>0x706</size>
         <input_file_ref idref="fl-44"/>
      </object_component>
      <object_component id="oc-10b">
         <name>.debug_info</name>
         <load_address>0x5d1e7</load_address>
         <run_address>0x5d1e7</run_address>
         <size>0xa2d</size>
         <input_file_ref idref="fl-45"/>
      </object_component>
      <object_component id="oc-10f">
         <name>.debug_info</name>
         <load_address>0x5dc14</load_address>
         <run_address>0x5dc14</run_address>
         <size>0xbd</size>
         <input_file_ref idref="fl-46"/>
      </object_component>
      <object_component id="oc-114">
         <name>.debug_info</name>
         <load_address>0x5dcd1</load_address>
         <run_address>0x5dcd1</run_address>
         <size>0x144b</size>
         <input_file_ref idref="fl-47"/>
      </object_component>
      <object_component id="oc-119">
         <name>.debug_info</name>
         <load_address>0x5f11c</load_address>
         <run_address>0x5f11c</run_address>
         <size>0x76c</size>
         <input_file_ref idref="fl-48"/>
      </object_component>
      <object_component id="oc-11d">
         <name>.debug_info</name>
         <load_address>0x5f888</load_address>
         <run_address>0x5f888</run_address>
         <size>0x534</size>
         <input_file_ref idref="fl-49"/>
      </object_component>
      <object_component id="oc-121">
         <name>.debug_info</name>
         <load_address>0x5fdbc</load_address>
         <run_address>0x5fdbc</run_address>
         <size>0x589</size>
         <input_file_ref idref="fl-4a"/>
      </object_component>
      <object_component id="oc-126">
         <name>.debug_info</name>
         <load_address>0x60345</load_address>
         <run_address>0x60345</run_address>
         <size>0xed4</size>
         <input_file_ref idref="fl-4b"/>
      </object_component>
      <object_component id="oc-12a">
         <name>.debug_info</name>
         <load_address>0x61219</load_address>
         <run_address>0x61219</run_address>
         <size>0x744</size>
         <input_file_ref idref="fl-4c"/>
      </object_component>
      <object_component id="oc-130">
         <name>.debug_info</name>
         <load_address>0x6195d</load_address>
         <run_address>0x6195d</run_address>
         <size>0xef</size>
         <input_file_ref idref="fl-4d"/>
      </object_component>
      <object_component id="oc-134">
         <name>.debug_info</name>
         <load_address>0x61a4c</load_address>
         <run_address>0x61a4c</run_address>
         <size>0x5c9</size>
         <input_file_ref idref="fl-4e"/>
      </object_component>
      <object_component id="oc-139">
[...]
      </symbol>
      <symbol id="sm-1555">
         <name>_c_int00</name>
         <value>0x311a5</value>
         <object_component_ref idref="oc-10"/>
      </symbol>
      <symbol id="sm-1556">
         <name>__stack</name>
         <value>0x38e6c</value>
         <object_component_ref idref="oc-f3"/>
      </symbol>
      <symbol id="sm-1560">
         <name>__tmpnams</name>
         <value>0x386d4</value>
         <object_component_ref idref="oc-f7"/>
      </symbol>
      <symbol id="sm-1561">
         <name>__ft_end</name>
         <value>0x38814</value>
         <object_component_ref idref="oc-f7"/>
      </symbol>
      <symbol id="sm-1562">
         <name>__ftable</name>
         <value>0x385e4</value>
         <object_component_ref idref="oc-f7"/>
      </symbol>
      <symbol id="sm-156d">
         <name>__divul</name>
         <value>0x306d0</value>
         <object_component_ref idref="oc-fb"/>
      </symbol>
      <symbol id="sm-157d">
         <name>C$$EXIT</name>
         <value>0x312cf</value>
         <object_component_ref idref="oc-103"/>
      </symbol>
      <symbol id="sm-157e">
         <name>_exit</name>
         <value>0x3112b</value>
         <object_component_ref idref="oc-ff"/>
      </symbol>
      <symbol id="sm-157f">
         <name>_abort</name>
         <value>0x312ce</value>
         <object_component_ref idref="oc-103"/>
      </symbol>
      <symbol id="sm-1580">
         <name>__cleanup_ptr</name>
         <value>0x38e50</value>
         <object_component_ref idref="oc-100"/>
      </symbol>
      <symbol id="sm-1581">
         <name>__dtors_ptr</name>
         <value>0x38e54</value>
         <object_component_ref idref="oc-100"/>
      </symbol>
      <symbol id="sm-158b">
         <name>__doflush</name>
         <value>0x302a4</value>
         <object_component_ref idref="oc-106"/>
      </symbol>
      <symbol id="sm-158c">
         <name>_fflush</name>
         <value>0x3030d</value>
         <object_component_ref idref="oc-106"/>
      </symbol>
      <symbol id="sm-1596">
         <name>_fscanf</name>
         <value>0x2fc63</value>
         <object_component_ref idref="oc-10a"/>
      </symbol>
      <symbol id="sm-1597">
         <name>_scanf</name>
         <value>0x2fc27</value>
         <object_component_ref idref="oc-10a"/>
      </symbol>
      <symbol id="sm-159f">
         <name>__mpyli</name>
         <value>0x3127e</value>
         <object_component_ref idref="oc-10e"/>
      </symbol>
      <symbol id="sm-15a0">
         <name>I$$LMPY</name>
         <value>0x3127e</value>
         <object_component_ref idref="oc-10e"/>
      </symbol>
      <symbol id="sm-15b2">
         <name>_add_device</name>
         <value>0x2af2c</value>
         <object_component_ref idref="oc-112"/>
      </symbol>
      <symbol id="sm-15b3">
         <name>_rename</name>
         <value>0x2ac4e</value>
         <object_component_ref idref="oc-112"/>
      </symbol>
      <symbol id="sm-15b4">
         <name>_read</name>
         <value>0x2acdd</value>
         <object_component_ref idref="oc-112"/>
      </symbol>
      <symbol id="sm-15b5">
         <name>_unlink</name>
         <value>0x2ac1b</value>
         <object_component_ref idref="oc-112"/>
      </symbol>
      <symbol id="sm-15b6">
         <name>_remove_device</name>
         <value>0x2aca7</value>
         <object_component_ref idref="oc-112"/>
      </symbol>
      <symbol id="sm-15b7">
         <name>_open</name>
         <value>0x2ad8b</value>
         <object_component_ref idref="oc-112"/>
      </symbol>
      <symbol id="sm-15b8">
         <name>_find_registered_device</name>
         <value>0x2aeb0</value>
         <object_component_ref idref="oc-112"/>
      </symbol>
      <symbol id="sm-15b9">
         <name>_lseek</name>
         <value>0x2ae4a</value>
         <object_component_ref idref="oc-112"/>
      </symbol>
      <symbol id="sm-15ba">
         <name>_close</name>
         <value>0x2aeb9</value>
         <object_component_ref idref="oc-112"/>
      </symbol>
      <symbol id="sm-15bb">
         <name>_write</name>
         <value>0x2aad9</value>
         <object_component_ref idref="oc-112"/>
      </symbol>
      <symbol id="sm-15c5">
         <name>_printf</name>
         <value>0x30f28</value>
         <object_component_ref idref="oc-118"/>
      </symbol>
      <symbol id="sm-15d0">
         <name>__remul</name>
         <value>0x30b13</value>
         <object_component_ref idref="oc-11c"/>
      </symbol>
      <symbol id="sm-15da">
         <name>_strlen</name>
         <value>0x312a3</value>
         <object_component_ref idref="oc-120"/>
      </symbol>
      <symbol id="sm-15e6">
         <name>_HOSTopen</name>
         <value>0x2b327</value>
         <object_component_ref idref="oc-124"/>
      </symbol>
      <symbol id="sm-15e7">
         <name>_HOSTread</name>
         <value>0x2b29a</value>
         <object_component_ref idref="oc-124"/>
      </symbol>
      <symbol id="sm-15e8">
         <name>_HOSTtime</name>
         <value>0x2b18e</value>
         <object_component_ref idref="oc-124"/>
      </symbol>
      <symbol id="sm-15e9">
         <name>_getenv</name>
         <value>0x2b01c</value>
         <object_component_ref idref="oc-124"/>
      </symbol>
      <symbol id="sm-15ea">
         <name>_HOSTrename</name>
         <value>0x2b1ec</value>
         <object_component_ref idref="oc-124"/>
      </symbol>
      <symbol id="sm-15eb">
         <name>_HOSTclock</name>
         <value>0x2b4e6</value>
         <object_component_ref idref="oc-124"/>
      </symbol>
      <symbol id="sm-15ec">
         <name>_HOSTwrite</name>
         <value>0x2b097</value>
         <object_component_ref idref="oc-124"/>
      </symbol>
      <symbol id="sm-15ed">
         <name>_HOSTlseek</name>
         <value>0x2b3c6</value>
         <object_component_ref idref="oc-124"/>
      </symbol>
      <symbol id="sm-15ee">
         <name>_HOSTunlink</name>
         <value>0x2b124</value>
         <object_component_ref idref="oc-124"/>
      </symbol>
      <symbol id="sm-15ef">
         <name>_HOSTclose</name>
         <value>0x2b47b</value>
         <object_component_ref idref="oc-124"/>
      </symbol>
      <symbol id="sm-1601">
         <name>C$$IO$$</name>
         <value>0x3041b</value>
         <object_component_ref idref="oc-12c"/>
      </symbol>
      <symbol id="sm-1602">
         <name>__CIOBUF_</name>
         <value>0x3bcc8</value>
         <object_component_ref idref="oc-12b"/>
      </symbol>
      <symbol id="sm-1603">
         <name>_readmsg</name>
         <value>0x30c62</value>
         <object_component_ref idref="oc-129"/>
      </symbol>
      <symbol id="sm-1604">
         <name>_writemsg</name>
         <value>0x30366</value>
         <object_component_ref idref="oc-12c"/>
      </symbol>
      <symbol id="sm-160c">
         <name>__remu</name>
         <value>0x31218</value>
         <object_component_ref idref="oc-12f"/>
      </symbol>
      <symbol id="sm-160d">
         <name>__divu</name>
         <value>0x31203</value>
         <object_component_ref idref="oc-12f"/>
      </symbol>
      <symbol id="sm-160e">
         <name>I$$UMOD</name>
         <value>0x31218</value>
         <object_component_ref idref="oc-12f"/>
      </symbol>
      <symbol id="sm-160f">
         <name>I$$UDIV</name>
         <value>0x31203</value>
         <object_component_ref idref="oc-12f"/>
      </symbol>
      <symbol id="sm-1619">
         <name>_ungetc</name>
         <value>0x3080c</value>
         <object_component_ref idref="oc-133"/>
      </symbol>
      <symbol id="sm-1623">
         <name>_Reset</name>
         <value>0x100</value>
         <object_component_ref idref="oc-138"/>
      </symbol>
      <symbol id="sm-162d">
         <name>_vsprintf</name>
         <value>0x30da7</value>
         <object_component_ref idref="oc-13c"/>
      </symbol>
      <symbol id="sm-163b">
         <name>__unlock</name>
         <value>0x38e4c</value>
         <object_component_ref idref="oc-141"/>
      </symbol>
      <symbol id="sm-163c">
         <name>__lock</name>
         <value>0x38e48</value>
         <object_component_ref idref="oc-141"/>
      </symbol>
      <symbol id="sm-163d">
         <name>__register_lock</name>
         <value>0x31299</value>
         <object_component_ref idref="oc-140"/>
      </symbol>
      <symbol id="sm-163e">
         <name>__nop</name>
         <value>0x312a1</value>
         <object_component_ref idref="oc-140"/>
      </symbol>
      <symbol id="sm-163f">
         <name>__register_unlock</name>
         <value>0x31291</value>
         <object_component_ref idref="oc-140"/>
      </symbol>
      <symbol id="sm-1651">
         <name>__printfi</name>
         <value>0x20f41</value>
         <object_component_ref idref="oc-146"/>
      </symbol>
      <symbol id="sm-165f">
         <name>__scanfi</name>
         <value>0x23afe</value>
         <object_component_ref idref="oc-14c"/>
      </symbol>
      <symbol id="sm-1669">
         <name>__args_main</name>
         <value>0x30fc5</value>
         <object_component_ref idref="oc-150"/>
      </symbol>
      <symbol id="sm-166a">
         <name>__TI_args_main</name>
         <value>0x1</value>
      </symbol>
      <symbol id="sm-1674">
         <name>_atoi</name>
         <value>0x30e78</value>
         <object_component_ref idref="oc-154"/>
      </symbol>
      <symbol id="sm-167c">
         <name>_auto_init</name>
         <value>0x30f78</value>
         <object_component_ref idref="oc-158"/>
      </symbol>
      <symbol id="sm-1686">
         <name>__eqld</name>
         <value>0x2f576</value>
         <object_component_ref idref="oc-15c"/>
      </symbol>
      <symbol id="sm-1687">
         <name>__cmpd</name>
         <value>0x2f5aa</value>
         <object_component_ref idref="oc-15c"/>
      </symbol>
      <symbol id="sm-1688">
         <name>__neqd</name>
         <value>0x2f418</value>
         <object_component_ref idref="oc-15c"/>
      </symbol>
      <symbol id="sm-1689">
         <name>__gtrd</name>
         <value>0x2f4e1</value>
         <object_component_ref idref="oc-15c"/>
      </symbol>
      <symbol id="sm-168a">
         <name>__geqd</name>
         <value>0x2f52c</value>
         <object_component_ref idref="oc-15c"/>
      </symbol>
      <symbol id="sm-168b">
         <name>__leqd</name>
         <value>0x2f494</value>
         <object_component_ref idref="oc-15c"/>
      </symbol>
      <symbol id="sm-168c">
         <name>__lssd</name>
         <value>0x2f44c</value>
         <object_component_ref idref="oc-15c"/>
      </symbol>
      <symbol id="sm-1694">
         <name>__ctypes_</name>
         <value>0x3b45e</value>
         <object_component_ref idref="oc-207"/>
      </symbol>
      <symbol id="sm-16a0">
         <name>__divd</name>
         <value>0x2c7f3</value>
         <object_component_ref idref="oc-162"/>
      </symbol>
      <symbol id="sm-16aa">
         <name>_getchar</name>
         <value>0x307fd</value>
         <object_component_ref idref="oc-166"/>
      </symbol>
      <symbol id="sm-16ab">
         <name>_getc</name>
         <value>0x30771</value>
         <object_component_ref idref="oc-166"/>
      </symbol>
      <symbol id="sm-16ac">
         <name>_fgetc</name>
         <value>0x30771</value>
         <object_component_ref idref="oc-166"/>
      </symbol>
      <symbol id="sm-16b6">
         <name>__fixdi</name>
         <value>0x311d9</value>
         <object_component_ref idref="oc-16a"/>
      </symbol>
      <symbol id="sm-16c0">
         <name>__fixdli</name>
         <value>0x30b85</value>
         <object_component_ref idref="oc-16e"/>
      </symbol>
      <symbol id="sm-16cc">
         <name>__fltlid</name>
         <value>0x30e11</value>
         <object_component_ref idref="oc-172"/>
      </symbol>
      <symbol id="sm-16d6">
         <name>_putchar</name>
         <value>0x306c1</value>
         <object_component_ref idref="oc-177"/>
      </symbol>
      <symbol id="sm-16d7">
         <name>_putc</name>
         <value>0x3062a</value>
         <object_component_ref idref="oc-177"/>
      </symbol>
      <symbol id="sm-16d8">
         <name>_fputc</name>
         <value>0x3062a</value>
         <object_component_ref idref="oc-177"/>
      </symbol>
      <symbol id="sm-16e6">
         <name>_puts</name>
         <value>0x2fbf9</value>
         <object_component_ref idref="oc-17b"/>
      </symbol>
      <symbol id="sm-16e7">
         <name>_fputs</name>
         <value>0x2fac4</value>
         <object_component_ref idref="oc-17b"/>
      </symbol>
      <symbol id="sm-16f1">
         <name>__frcmpyd_div</name>
         <value>0x30aa0</value>
         <object_component_ref idref="oc-180"/>
      </symbol>
      <symbol id="sm-16fb">
         <name>___isinf</name>
         <value>0x31250</value>
         <object_component_ref idref="oc-184"/>
      </symbol>
      <symbol id="sm-1705">
         <name>__divull</name>
         <value>0x2e9e6</value>
         <object_component_ref idref="oc-188"/>
      </symbol>
      <symbol id="sm-1706">
         <name>__mpylli</name>
         <value>0x2e92e</value>
         <object_component_ref idref="oc-188"/>
      </symbol>
      <symbol id="sm-1707">
         <name>__remlli</name>
         <value>0x2e8ff</value>
         <object_component_ref idref="oc-188"/>
      </symbol>
      <symbol id="sm-1708">
         <name>__divlli</name>
         <value>0x2eada</value>
         <object_component_ref idref="oc-188"/>
      </symbol>
      <symbol id="sm-1709">
         <name>__remull</name>
         <value>0x2e8b1</value>
         <object_component_ref idref="oc-188"/>
      </symbol>
      <symbol id="sm-1713">
         <name>_ltoa</name>
         <value>0x30932</value>
         <object_component_ref idref="oc-18c"/>
      </symbol>
      <symbol id="sm-171e">
         <name>_memccpy</name>
         <value>0x3122d</value>
         <object_component_ref idref="oc-190"/>
      </symbol>
      <symbol id="sm-1726">
         <name>_memcpy</name>
         <value>0x310ec</value>
         <object_component_ref idref="oc-194"/>
      </symbol>
      <symbol id="sm-1730">
         <name>__mpyd</name>
         <value>0x2fd88</value>
         <object_component_ref idref="oc-198"/>
      </symbol>
      <symbol id="sm-173a">
         <name>__negd</name>
         <value>0x312b4</value>
         <object_component_ref idref="oc-19c"/>
      </symbol>
      <symbol id="sm-1744">
         <name>__remli</name>
         <value>0x31010</value>
         <object_component_ref idref="oc-1a0"/>
      </symbol>
      <symbol id="sm-174e">
         <name>_setvbuf</name>
         <value>0x2fffd</value>
         <object_component_ref idref="oc-1a4"/>
      </symbol>
      <symbol id="sm-175e">
         <name>_strtod</name>
         <value>0x2de78</value>
         <object_component_ref idref="oc-1a8"/>
      </symbol>
      <symbol id="sm-1768">
         <name>_strtol</name>
         <value>0x2f210</value>
         <object_component_ref idref="oc-1ad"/>
      </symbol>
      <symbol id="sm-1778">
         <name>_strtold</name>
         <value>0x2e135</value>
         <object_component_ref idref="oc-1b1"/>
      </symbol>
      <symbol id="sm-1782">
         <name>_strtoll</name>
         <value>0x2d5c6</value>
         <object_component_ref idref="oc-1b6"/>
      </symbol>
      <symbol id="sm-178c">
         <name>_strtoul</name>
         <value>0x2f602</value>
         <object_component_ref idref="oc-1ba"/>
      </symbol>
      <symbol id="sm-1796">
         <name>_strtoull</name>
         <value>0x2efc5</value>
         <object_component_ref idref="oc-1be"/>
      </symbol>
      <symbol id="sm-17a0">
         <name>__subd</name>
         <value>0x3126a</value>
         <object_component_ref idref="oc-1c2"/>
      </symbol>
      <symbol id="sm-17aa">
         <name>__buff_read</name>
         <value>0x304d1</value>
         <object_component_ref idref="oc-1c6"/>
      </symbol>
      <symbol id="sm-17b4">
         <name>__rd_ok</name>
         <value>0x30247</value>
         <object_component_ref idref="oc-1ca"/>
      </symbol>
      <symbol id="sm-17b5">
         <name>__wrt_ok</name>
         <value>0x301c7</value>
         <object_component_ref idref="oc-1ca"/>
      </symbol>
      <symbol id="sm-17bf">
         <name>__addd</name>
         <value>0x2ed6b</value>
         <object_component_ref idref="oc-1ce"/>
      </symbol>
      <symbol id="sm-17c9">
         <name>__divli</name>
         <value>0x310a4</value>
         <object_component_ref idref="oc-1d2"/>
      </symbol>
      <symbol id="sm-17d3">
         <name>_errno</name>
         <value>0x38e68</value>
         <object_component_ref idref="oc-1d6"/>
      </symbol>
      <symbol id="sm-17e2">
         <name>__cleanup</name>
         <value>0x2e4f5</value>
         <object_component_ref idref="oc-1da"/>
      </symbol>
      <symbol id="sm-17e3">
         <name>_fopen</name>
         <value>0x2e618</value>
         <object_component_ref idref="oc-1da"/>
      </symbol>
      <symbol id="sm-17e4">
         <name>_freopen</name>
         <value>0x2e54f</value>
         <object_component_ref idref="oc-1da"/>
      </symbol>
      <symbol id="sm-17ee">
         <name>__frcmpyd</name>
         <value>0x30a2a</value>
         <object_component_ref idref="oc-1e0"/>
      </symbol>
      <symbol id="sm-17f8">
         <name>_fseek</name>
         <value>0x30d3c</value>
         <object_component_ref idref="oc-1e4"/>
      </symbol>
      <symbol id="sm-1800">
         <name>__remi</name>
         <value>0x31188</value>
         <object_component_ref idref="oc-1e8"/>
      </symbol>
      <symbol id="sm-1801">
         <name>__divi</name>
         <value>0x31169</value>
         <object_component_ref idref="oc-1e8"/>
      </symbol>
      <symbol id="sm-1802">
         <name>I$$MOD</name>
         <value>0x31188</value>
         <object_component_ref idref="oc-1e8"/>
      </symbol>
      <symbol id="sm-1803">
         <name>I$$DIV</name>
         <value>0x31169</value>
         <object_component_ref idref="oc-1e8"/>
      </symbol>
      <symbol id="sm-1813">
         <name>__sys_memory</name>
         <value>0x312d8</value>
         <object_component_ref idref="oc-1f0"/>
      </symbol>
      <symbol id="sm-1814">
         <name>_chkheap</name>
         <value>0x2c3f4</value>
         <object_component_ref idref="oc-1ec"/>
      </symbol>
      <symbol id="sm-1815">
         <name>_realloc</name>
         <value>0x2c193</value>
         <object_component_ref idref="oc-1ec"/>
      </symbol>
      <symbol id="sm-1816">
         <name>_free_memory</name>
         <value>0x2c39e</value>
         <object_component_ref idref="oc-1ec"/>
      </symbol>
      <symbol id="sm-1817">
         <name>_max_free</name>
         <value>0x2c344</value>
         <object_component_ref idref="oc-1ec"/>
      </symbol>
      <symbol id="sm-1818">
         <name>_free</name>
         <value>0x2bf6d</value>
         <object_component_ref idref="oc-1ec"/>
      </symbol>
      <symbol id="sm-1819">
         <name>_calloc</name>
         <value>0x2c3fc</value>
         <object_component_ref idref="oc-1ec"/>
      </symbol>
      <symbol id="sm-181a">
         <name>_malloc</name>
         <value>0x2c09e</value>
         <object_component_ref idref="oc-1ec"/>
      </symbol>
      <symbol id="sm-181b">
         <name>_minit</name>
         <value>0x2c039</value>
         <object_component_ref idref="oc-1ec"/>
      </symbol>
      <symbol id="sm-1825">
         <name>_fclose</name>
         <value>0x309af</value>
         <object_component_ref idref="oc-1f3"/>
      </symbol>
      <symbol id="sm-182f">
         <name>_remove</name>
         <value>0x312c4</value>
         <object_component_ref idref="oc-1f7"/>
      </symbol>
   </symbol_table>
</link_info>
