<?xml version="1.0"?>
<link_info>
   <banner>TMS320C55x Linker PC v4.4.1</banner>
   <copyright>Copyright (c) 1996-2012 Texas Instruments Incorporated</copyright>
   <link_time>0x63023ed5</link_time>
   <output_file>Przetwarzanie_sygnalow.out</output_file>
   <entry_point>
      <name>_c_int00</name>
      <address>0x30f87</address>
   </entry_point>
   <input_file_list>
      <input_file id="fl-2">
         <path>.\</path>
         <kind>object</kind>
         <file>button.obj</file>
         <name>button.obj</name>
      </input_file>
      <input_file id="fl-3">
         <path>.\</path>
         <kind>object</kind>
         <file>codec_3206.obj</file>
         <name>codec_3206.obj</name>
      </input_file>
      <input_file id="fl-4">
         <path>.\</path>
         <kind>object</kind>
         <file>led.obj</file>
         <name>led.obj</name>
      </input_file>
      <input_file id="fl-5">
         <path>.\</path>
         <kind>object</kind>
         <file>main.obj</file>
         <name>main.obj</name>
      </input_file>
      <input_file id="fl-6">
         <path>.\</path>
         <kind>object</kind>
         <file>oled.obj</file>
         <name>oled.obj</name>
      </input_file>
      <input_file id="fl-7">
         <path>.\src\</path>
         <kind>object</kind>
         <file>csl_audioClass.obj</file>
         <name>csl_audioClass.obj</name>
      </input_file>
      <input_file id="fl-8">
         <path>.\src\</path>
         <kind>object</kind>
         <file>csl_cdc.obj</file>
         <name>csl_cdc.obj</name>
      </input_file>
      <input_file id="fl-9">
         <path>.\src\</path>
         <kind>object</kind>
         <file>csl_dat.obj</file>
         <name>csl_dat.obj</name>
      </input_file>
      <input_file id="fl-a">
         <path>.\src\</path>
         <kind>object</kind>
         <file>csl_dma.obj</file>
         <name>csl_dma.obj</name>
      </input_file>
      <input_file id="fl-b">
         <path>.\src\</path>
         <kind>object</kind>
         <file>csl_emif.obj</file>
         <name>csl_emif.obj</name>
      </input_file>
      <input_file id="fl-c">
         <path>.\src\</path>
         <kind>object</kind>
         <file>csl_gpio.obj</file>
         <name>csl_gpio.obj</name>
      </input_file>
      <input_file id="fl-d">
         <path>.\src\</path>
         <kind>object</kind>
         <file>csl_gpt.obj</file>
         <name>csl_gpt.obj</name>
      </input_file>
      <input_file id="fl-e">
         <path>.\src\</path>
         <kind>object</kind>
         <file>csl_i2c.obj</file>
         <name>csl_i2c.obj</name>
      </input_file>
      <input_file id="fl-f">
         <path>.\src\</path>
         <kind>object</kind>
         <file>csl_i2s.obj</file>
         <name>csl_i2s.obj</name>
      </input_file>
      <input_file id="fl-10">
         <path>.\src\</path>
         <kind>object</kind>
         <file>csl_intc.obj</file>
         <name>csl_intc.obj</name>
      </input_file>
      <input_file id="fl-11">
         <path>.\src\</path>
         <kind>object</kind>
         <file>csl_irqplug.obj</file>
         <name>csl_irqplug.obj</name>
      </input_file>
      <input_file id="fl-12">
         <path>.\src\</path>
         <kind>object</kind>
         <file>csl_lcdc.obj</file>
         <name>csl_lcdc.obj</name>
      </input_file>
      <input_file id="fl-13">
         <path>.\src\</path>
         <kind>object</kind>
         <file>csl_mcbsp.obj</file>
         <name>csl_mcbsp.obj</name>
      </input_file>
      <input_file id="fl-14">
         <path>.\src\</path>
         <kind>object</kind>
         <file>csl_mcspi.obj</file>
         <name>csl_mcspi.obj</name>
      </input_file>
      <input_file id="fl-15">
         <path>.\src\</path>
         <kind>object</kind>
         <file>csl_mem.obj</file>
         <name>csl_mem.obj</name>
      </input_file>
      <input_file id="fl-16">
         <path>.\src\</path>
         <kind>object</kind>
         <file>csl_mmcsd.obj</file>
         <name>csl_mmcsd.obj</name>
      </input_file>
      <input_file id="fl-17">
         <path>.\src\</path>
         <kind>object</kind>
         <file>csl_mmcsd_ataIf.obj</file>
         <name>csl_mmcsd_ataIf.obj</name>
      </input_file>
      <input_file id="fl-18">
         <path>.\src\</path>
         <kind>object</kind>
         <file>csl_msc.obj</file>
         <name>csl_msc.obj</name>
      </input_file>
      <input_file id="fl-19">
         <path>.\src\</path>
         <kind>object</kind>
         <file>csl_pll.obj</file>
         <name>csl_pll.obj</name>
      </input_file>
      <input_file id="fl-1a">
         <path>.\src\</path>
         <kind>object</kind>
         <file>csl_rtc.obj</file>
         <name>csl_rtc.obj</name>
      </input_file>
      <input_file id="fl-1b">
         <path>.\src\</path>
         <kind>object</kind>
         <file>csl_sar.obj</file>
         <name>csl_sar.obj</name>
      </input_file>
      <input_file id="fl-1c">
         <path>.\src\</path>
         <kind>object</kind>
         <file>csl_sdio.obj</file>
         <name>csl_sdio.obj</name>
      </input_file>
      <input_file id="fl-1d">
         <path>.\src\</path>
         <kind>object</kind>
         <file>csl_spi.obj</file>
         <name>csl_spi.obj</name>
      </input_file>
      <input_file id="fl-1e">
         <path>.\src\</path>
         <kind>object</kind>
         <file>csl_sysctrl.obj</file>
         <name>csl_sysctrl.obj</name>
      </input_file>
      <input_file id="fl-1f">
         <path>.\src\</path>
         <kind>object</kind>
         <file>csl_uart.obj</file>
         <name>csl_uart.obj</name>
      </input_file>
      <input_file id="fl-20">
         <path>.\src\</path>
         <kind>object</kind>
         <file>csl_uhpi.obj</file>
         <name>csl_uhpi.obj</name>
      </input_file>
      <input_file id="fl-21">
         <path>.\src\</path>
         <kind>object</kind>
         <file>csl_usb.obj</file>
         <name>csl_usb.obj</name>
      </input_file>
      <input_file id="fl-22">
         <path>.\src\</path>
         <kind>object</kind>
         <file>csl_wdt.obj</file>
         <name>csl_wdt.obj</name>
      </input_file>
      <input_file id="fl-23">
         <path>.\src\</path>
         <kind>object</kind>
         <file>evm5515.obj</file>
         <name>evm5515.obj</name>
      </input_file>
      <input_file id="fl-24">
         <path>.\src\</path>
         <kind>object</kind>
         <file>evm5515_gpio.obj</file>
         <name>evm5515_gpio.obj</name>
      </input_file>
      <input_file id="fl-25">
         <path>.\src\</path>
         <kind>object</kind>
         <file>evm5515_i2c.obj</file>
         <name>evm5515_i2c.obj</name>
      </input_file>
      <input_file id="fl-26">
         <path>.\src\</path>
         <kind>object</kind>
         <file>i2c_probe.obj</file>
         <name>i2c_probe.obj</name>
      </input_file>
      <input_file id="fl-27">
         <path>.\src\</path>
         <kind>object</kind>
         <file>platform.obj</file>
         <name>platform.obj</name>
      </input_file>
      <input_file id="fl-28">
         <path>.\src\</path>
         <kind>object</kind>
         <file>system_init.obj</file>
         <name>system_init.obj</name>
      </input_file>
      <input_file id="fl-29">
         <path>.\src\</path>
         <kind>object</kind>
         <file>vectors.obj</file>
         <name>vectors.obj</name>
      </input_file>
      <input_file id="fl-40">
         <path>C:\ti\ccs1110\ccs\tools\compiler\c5500_4.4.1\lib\</path>
         <kind>archive</kind>
         <file>rts55x.lib</file>
         <name>boot.obj</name>
      </input_file>
      <input_file id="fl-41">
         <path>C:\ti\ccs1110\ccs\tools\compiler\c5500_4.4.1\lib\</path>
         <kind>archive</kind>
         <file>rts55x.lib</file>
         <name>defs.obj</name>
      </input_file>
      <input_file id="fl-42">
         <path>C:\ti\ccs1110\ccs\tools\compiler\c5500_4.4.1\lib\</path>
         <kind>archive</kind>
         <file>rts55x.lib</file>
         <name>divul.obj</name>
      </input_file>
      <input_file id="fl-43">
         <path>C:\ti\ccs1110\ccs\tools\compiler\c5500_4.4.1\lib\</path>
         <kind>archive</kind>
         <file>rts55x.lib</file>
         <name>exit.obj</name>
      </input_file>
      <input_file id="fl-44">
         <path>C:\ti\ccs1110\ccs\tools\compiler\c5500_4.4.1\lib\</path>
         <kind>archive</kind>
         <file>rts55x.lib</file>
         <name>fflush.obj</name>
      </input_file>
      <input_file id="fl-45">
         <path>C:\ti\ccs1110\ccs\tools\compiler\c5500_4.4.1\lib\</path>
         <kind>archive</kind>
         <file>rts55x.lib</file>
         <name>fscanf.obj</name>
      </input_file>
      <input_file id="fl-46">
         <path>C:\ti\ccs1110\ccs\tools\compiler\c5500_4.4.1\lib\</path>
         <kind>archive</kind>
         <file>rts55x.lib</file>
         <name>lmpy.obj</name>
      </input_file>
      <input_file id="fl-47">
         <path>C:\ti\ccs1110\ccs\tools\compiler\c5500_4.4.1\lib\</path>
         <kind>archive</kind>
         <file>rts55x.lib</file>
         <name>lowlev.obj</name>
      </input_file>
      <input_file id="fl-48">
         <path>C:\ti\ccs1110\ccs\tools\compiler\c5500_4.4.1\lib\</path>
         <kind>archive</kind>
         <file>rts55x.lib</file>
         <name>printf.obj</name>
      </input_file>
      <input_file id="fl-49">
         <path>C:\ti\ccs1110\ccs\tools\compiler\c5500_4.4.1\lib\</path>
         <kind>archive</kind>
         <file>rts55x.lib</file>
         <name>remul.obj</name>
      </input_file>
      <input_file id="fl-4a">
         <path>C:\ti\ccs1110\ccs\tools\compiler\c5500_4.4.1\lib\</path>
         <kind>archive</kind>
         <file>rts55x.lib</file>
         <name>strlen.obj</name>
      </input_file>
      <input_file id="fl-4b">
         <path>C:\ti\ccs1110\ccs\tools\compiler\c5500_4.4.1\lib\</path>
         <kind>archive</kind>
         <file>rts55x.lib</file>
         <name>trgdrv.obj</name>
      </input_file>
      <input_file id="fl-4c">
         <path>C:\ti\ccs1110\ccs\tools\compiler\c5500_4.4.1\lib\</path>
         <kind>archive</kind>
         <file>rts55x.lib</file>
         <name>trgmsg.obj</name>
      </input_file>
      <input_file id="fl-4d">
         <path>C:\ti\ccs1110\ccs\tools\compiler\c5500_4.4.1\lib\</path>
         <kind>archive</kind>
         <file>rts55x.lib</file>
         <name>udiv.obj</name>
      </input_file>
      <input_file id="fl-4e">
         <path>C:\ti\ccs1110\ccs\tools\compiler\c5500_4.4.1\lib\</path>
         <kind>archive</kind>
         <file>rts55x.lib</file>
         <name>ungetc.obj</name>
      </input_file>
      <input_file id="fl-4f">
         <path>C:\ti\ccs1110\ccs\tools\compiler\c5500_4.4.1\lib\</path>
         <kind>archive</kind>
         <file>rts55x.lib</file>
         <name>vectors.obj</name>
      </input_file>
      <input_file id="fl-50">
         <path>C:\ti\ccs1110\ccs\tools\compiler\c5500_4.4.1\lib\</path>
         <kind>archive</kind>
         <file>rts55x.lib</file>
         <name>vsprintf.obj</name>
      </input_file>
      <input_file id="fl-51">
         <path>C:\ti\ccs1110\ccs\tools\compiler\c5500_4.4.1\lib\</path>
         <kind>archive</kind>
         <file>rts55x.lib</file>
         <name>_lock.obj</name>
      </input_file>
      <input_file id="fl-52">
         <path>C:\ti\ccs1110\ccs\tools\compiler\c5500_4.4.1\lib\</path>
         <kind>archive</kind>
         <file>rts55x.lib</file>
         <name>_printfi.obj</name>
      </input_file>
      <input_file id="fl-53">
         <path>C:\ti\ccs1110\ccs\tools\compiler\c5500_4.4.1\lib\</path>
         <kind>archive</kind>
         <file>rts55x.lib</file>
         <name>_scanfi.obj</name>
      </input_file>
      <input_file id="fl-54">
         <path>C:\ti\ccs1110\ccs\tools\compiler\c5500_4.4.1\lib\</path>
         <kind>archive</kind>
         <file>rts55x.lib</file>
         <name>args_main.obj</name>
      </input_file>
      <input_file id="fl-55">
         <path>C:\ti\ccs1110\ccs\tools\compiler\c5500_4.4.1\lib\</path>
         <kind>archive</kind>
         <file>rts55x.lib</file>
         <name>atoi.obj</name>
      </input_file>
      <input_file id="fl-56">
         <path>C:\ti\ccs1110\ccs\tools\compiler\c5500_4.4.1\lib\</path>
         <kind>archive</kind>
         <file>rts55x.lib</file>
         <name>autoinit.obj</name>
      </input_file>
      <input_file id="fl-57">
         <path>C:\ti\ccs1110\ccs\tools\compiler\c5500_4.4.1\lib\</path>
         <kind>archive</kind>
         <file>rts55x.lib</file>
         <name>cmpd.obj</name>
      </input_file>
      <input_file id="fl-58">
         <path>C:\ti\ccs1110\ccs\tools\compiler\c5500_4.4.1\lib\</path>
         <kind>archive</kind>
         <file>rts55x.lib</file>
         <name>ctype.obj</name>
      </input_file>
      <input_file id="fl-59">
         <path>C:\ti\ccs1110\ccs\tools\compiler\c5500_4.4.1\lib\</path>
         <kind>archive</kind>
         <file>rts55x.lib</file>
         <name>divd.obj</name>
      </input_file>
      <input_file id="fl-5a">
         <path>C:\ti\ccs1110\ccs\tools\compiler\c5500_4.4.1\lib\</path>
         <kind>archive</kind>
         <file>rts55x.lib</file>
         <name>fgetc.obj</name>
      </input_file>
      <input_file id="fl-5b">
         <path>C:\ti\ccs1110\ccs\tools\compiler\c5500_4.4.1\lib\</path>
         <kind>archive</kind>
         <file>rts55x.lib</file>
         <name>fixdi.obj</name>
      </input_file>
      <input_file id="fl-5c">
         <path>C:\ti\ccs1110\ccs\tools\compiler\c5500_4.4.1\lib\</path>
         <kind>archive</kind>
         <file>rts55x.lib</file>
         <name>fixdli.obj</name>
      </input_file>
      <input_file id="fl-5d">
         <path>C:\ti\ccs1110\ccs\tools\compiler\c5500_4.4.1\lib\</path>
         <kind>archive</kind>
         <file>rts55x.lib</file>
         <name>fltlid.obj</name>
      </input_file>
      <input_file id="fl-5e">
         <path>C:\ti\ccs1110\ccs\tools\compiler\c5500_4.4.1\lib\</path>
         <kind>archive</kind>
         <file>rts55x.lib</file>
         <name>fputc.obj</name>
      </input_file>
      <input_file id="fl-5f">
         <path>C:\ti\ccs1110\ccs\tools\compiler\c5500_4.4.1\lib\</path>
         <kind>archive</kind>
         <file>rts55x.lib</file>
         <name>fputs.obj</name>
      </input_file>
      <input_file id="fl-60">
         <path>C:\ti\ccs1110\ccs\tools\compiler\c5500_4.4.1\lib\</path>
         <kind>archive</kind>
         <file>rts55x.lib</file>
         <name>frcmpyd_div.obj</name>
      </input_file>
      <input_file id="fl-61">
         <path>C:\ti\ccs1110\ccs\tools\compiler\c5500_4.4.1\lib\</path>
         <kind>archive</kind>
         <file>rts55x.lib</file>
         <name>isinf.obj</name>
      </input_file>
      <input_file id="fl-62">
         <path>C:\ti\ccs1110\ccs\tools\compiler\c5500_4.4.1\lib\</path>
         <kind>archive</kind>
         <file>rts55x.lib</file>
         <name>llmpy.obj</name>
      </input_file>
      <input_file id="fl-63">
         <path>C:\ti\ccs1110\ccs\tools\compiler\c5500_4.4.1\lib\</path>
         <kind>archive</kind>
         <file>rts55x.lib</file>
         <name>ltoa.obj</name>
      </input_file>
      <input_file id="fl-64">
         <path>C:\ti\ccs1110\ccs\tools\compiler\c5500_4.4.1\lib\</path>
         <kind>archive</kind>
         <file>rts55x.lib</file>
         <name>memccpy.obj</name>
      </input_file>
      <input_file id="fl-65">
         <path>C:\ti\ccs1110\ccs\tools\compiler\c5500_4.4.1\lib\</path>
         <kind>archive</kind>
         <file>rts55x.lib</file>
         <name>memcpy.obj</name>
      </input_file>
      <input_file id="fl-66">
         <path>C:\ti\ccs1110\ccs\tools\compiler\c5500_4.4.1\lib\</path>
         <kind>archive</kind>
         <file>rts55x.lib</file>
         <name>mpyd.obj</name>
      </input_file>
      <input_file id="fl-67">
         <path>C:\ti\ccs1110\ccs\tools\compiler\c5500_4.4.1\lib\</path>
         <kind>archive</kind>
         <file>rts55x.lib</file>
         <name>negd.obj</name>
      </input_file>
      <input_file id="fl-68">
         <path>C:\ti\ccs1110\ccs\tools\compiler\c5500_4.4.1\lib\</path>
         <kind>archive</kind>
         <file>rts55x.lib</file>
         <name>remli.obj</name>
      </input_file>
      <input_file id="fl-69">
         <path>C:\ti\ccs1110\ccs\tools\compiler\c5500_4.4.1\lib\</path>
         <kind>archive</kind>
         <file>rts55x.lib</file>
         <name>setvbuf.obj</name>
      </input_file>
      <input_file id="fl-6a">
         <path>C:\ti\ccs1110\ccs\tools\compiler\c5500_4.4.1\lib\</path>
         <kind>archive</kind>
         <file>rts55x.lib</file>
         <name>strtod.obj</name>
      </input_file>
      <input_file id="fl-6b">
         <path>C:\ti\ccs1110\ccs\tools\compiler\c5500_4.4.1\lib\</path>
         <kind>archive</kind>
         <file>rts55x.lib</file>
         <name>strtol.obj</name>
      </input_file>
      <input_file id="fl-6c">
         <path>C:\ti\ccs1110\ccs\tools\compiler\c5500_4.4.1\lib\</path>
         <kind>archive</kind>
         <file>rts55x.lib</file>
         <name>strtold.obj</name>
      </input_file>
      <input_file id="fl-6d">
         <path>C:\ti\ccs1110\ccs\tools\compiler\c5500_4.4.1\lib\</path>
         <kind>archive</kind>
         <file>rts55x.lib</file>
         <name>strtoll.obj</name>
      </input_file>
      <input_file id="fl-6e">
         <path>C:\ti\ccs1110\ccs\tools\compiler\c5500_4.4.1\lib\</path>
         <kind>archive</kind>
         <file>rts55x.lib</file>
         <name>strtoul.obj</name>
      </input_file>
      <input_file id="fl-6f">
         <path>C:\ti\ccs1110\ccs\tools\compiler\c5500_4.4.1\lib\</path>
         <kind>archive</kind>
         <file>rts55x.lib</file>
         <name>strtoull.obj</name>
      </input_file>
      <input_file id="fl-70">
         <path>C:\ti\ccs1110\ccs\tools\compiler\c5500_4.4.1\lib\</path>
         <kind>archive</kind>
         <file>rts55x.lib</file>
         <name>subd.obj</name>
      </input_file>
      <input_file id="fl-71">
         <path>C:\ti\ccs1110\ccs\tools\compiler\c5500_4.4.1\lib\</path>
         <kind>archive</kind>
         <file>rts55x.lib</file>
         <name>_bufread.obj</name>
      </input_file>
      <input_file id="fl-72">
         <path>C:\ti\ccs1110\ccs\tools\compiler\c5500_4.4.1\lib\</path>
         <kind>archive</kind>
         <file>rts55x.lib</file>
         <name>_io_perm.obj</name>
      </input_file>
      <input_file id="fl-73">
         <path>C:\ti\ccs1110\ccs\tools\compiler\c5500_4.4.1\lib\</path>
         <kind>archive</kind>
         <file>rts55x.lib</file>
         <name>addd.obj</name>
      </input_file>
      <input_file id="fl-74">
         <path>C:\ti\ccs1110\ccs\tools\compiler\c5500_4.4.1\lib\</path>
         <kind>archive</kind>
         <file>rts55x.lib</file>
         <name>divli.obj</name>
      </input_file>
      <input_file id="fl-75">
         <path>C:\ti\ccs1110\ccs\tools\compiler\c5500_4.4.1\lib\</path>
         <kind>archive</kind>
         <file>rts55x.lib</file>
         <name>errno.obj</name>
      </input_file>
      <input_file id="fl-76">
         <path>C:\ti\ccs1110\ccs\tools\compiler\c5500_4.4.1\lib\</path>
         <kind>archive</kind>
         <file>rts55x.lib</file>
         <name>fopen.obj</name>
      </input_file>
      <input_file id="fl-77">
         <path>C:\ti\ccs1110\ccs\tools\compiler\c5500_4.4.1\lib\</path>
         <kind>archive</kind>
         <file>rts55x.lib</file>
         <name>frcmpyd.obj</name>
      </input_file>
      <input_file id="fl-78">
         <path>C:\ti\ccs1110\ccs\tools\compiler\c5500_4.4.1\lib\</path>
         <kind>archive</kind>
         <file>rts55x.lib</file>
         <name>fseek.obj</name>
      </input_file>
      <input_file id="fl-79">
         <path>C:\ti\ccs1110\ccs\tools\compiler\c5500_4.4.1\lib\</path>
         <kind>archive</kind>
         <file>rts55x.lib</file>
         <name>idiv.obj</name>
      </input_file>
      <input_file id="fl-7a">
         <path>C:\ti\ccs1110\ccs\tools\compiler\c5500_4.4.1\lib\</path>
         <kind>archive</kind>
         <file>rts55x.lib</file>
         <name>memory.obj</name>
      </input_file>
      <input_file id="fl-7b">
         <path>C:\ti\ccs1110\ccs\tools\compiler\c5500_4.4.1\lib\</path>
         <kind>archive</kind>
         <file>rts55x.lib</file>
         <name>fclose.obj</name>
      </input_file>
      <input_file id="fl-7c">
         <path>C:\ti\ccs1110\ccs\tools\compiler\c5500_4.4.1\lib\</path>
         <kind>archive</kind>
         <file>rts55x.lib</file>
         <name>remove.obj</name>
      </input_file>
   </input_file_list>
   <object_component_list>
      <object_component id="oc-135">
         <name>vectors</name>
         <load_address>0x100</load_address>
         <run_address>0x100</run_address>
         <size>0x100</size>
         <input_file_ref idref="fl-4f"/>
      </object_component>
      <object_component id="oc-ec">
         <name>vectors</name>
         <load_address>0x200</load_address>
         <run_address>0x200</run_address>
         <size>0x100</size>
         <input_file_ref idref="fl-29"/>
      </object_component>
      <object_component id="oc-7e">
         <name>.text</name>
         <load_address>0x10000</load_address>
         <run_address>0x10000</run_address>
         <size>0x451b</size>
         <input_file_ref idref="fl-16"/>
      </object_component>
      <object_component id="oc-8b">
         <name>.text</name>
         <load_address>0x1451b</load_address>
         <run_address>0x1451b</run_address>
         <size>0x2dd0</size>
         <input_file_ref idref="fl-18"/>
      </object_component>
      <object_component id="oc-a0">
         <name>.text</name>
         <load_address>0x172eb</load_address>
         <run_address>0x172eb</run_address>
         <size>0x29ff</size>
         <input_file_ref idref="fl-1c"/>
      </object_component>
      <object_component id="oc-bb">
         <name>.text</name>
         <load_address>0x19cea</load_address>
         <run_address>0x19cea</run_address>
         <size>0x255d</size>
         <input_file_ref idref="fl-21"/>
      </object_component>
      <object_component id="oc-45">
         <name>.text</name>
         <load_address>0x1c247</load_address>
         <run_address>0x1c247</run_address>
         <size>0x1f50</size>
         <input_file_ref idref="fl-a"/>
      </object_component>
      <object_component id="oc-4a">
         <name>.text</name>
         <load_address>0x1e197</load_address>
         <run_address>0x1e197</run_address>
         <size>0x1a48</size>
         <input_file_ref idref="fl-b"/>
      </object_component>
      <object_component id="oc-143">
         <name>.text</name>
         <load_address>0x1fbdf</load_address>
         <run_address>0x1fbdf</run_address>
         <size>0x15a4</size>
         <input_file_ref idref="fl-52"/>
      </object_component>
      <object_component id="oc-b1">
         <name>.text</name>
         <load_address>0x21183</load_address>
         <run_address>0x21183</run_address>
         <size>0x10b9</size>
         <input_file_ref idref="fl-1f"/>
      </object_component>
      <object_component id="oc-38">
         <name>.text</name>
         <load_address>0x2223c</load_address>
         <run_address>0x2223c</run_address>
         <size>0xeef</size>
         <input_file_ref idref="fl-8"/>
      </object_component>
      <object_component id="oc-149">
         <name>.text</name>
         <load_address>0x2312b</load_address>
         <run_address>0x2312b</run_address>
         <size>0xedb</size>
         <input_file_ref idref="fl-53"/>
      </object_component>
      <object_component id="oc-32">
         <name>.text</name>
         <load_address>0x24006</load_address>
         <run_address>0x24006</run_address>
         <size>0xe99</size>
         <input_file_ref idref="fl-7"/>
      </object_component>
      <object_component id="oc-59">
         <name>.text</name>
         <load_address>0x24e9f</load_address>
         <run_address>0x24e9f</run_address>
         <size>0xe8f</size>
         <input_file_ref idref="fl-e"/>
      </object_component>
      <object_component id="oc-40">
         <name>.text</name>
         <load_address>0x25d2e</load_address>
         <run_address>0x25d2e</run_address>
         <size>0xdbe</size>
         <input_file_ref idref="fl-9"/>
      </object_component>
      <object_component id="oc-84">
         <name>.text</name>
         <load_address>0x26aec</load_address>
         <run_address>0x26aec</run_address>
         <size>0xd01</size>
         <input_file_ref idref="fl-17"/>
      </object_component>
      <object_component id="oc-9b">
         <name>.text</name>
         <load_address>0x277ed</load_address>
         <run_address>0x277ed</run_address>
         <size>0xb18</size>
         <input_file_ref idref="fl-1b"/>
      </object_component>
      <object_component id="oc-5f">
         <name>.text</name>
         <load_address>0x28305</load_address>
         <run_address>0x28305</run_address>
         <size>0x997</size>
         <input_file_ref idref="fl-f"/>
      </object_component>
      <object_component id="oc-96">
         <name>.text</name>
         <load_address>0x28c9c</load_address>
         <run_address>0x28c9c</run_address>
         <size>0x895</size>
         <input_file_ref idref="fl-1a"/>
      </object_component>
      <object_component id="oc-70">
         <name>.text</name>
         <load_address>0x29531</load_address>
         <run_address>0x29531</run_address>
         <size>0x7d5</size>
         <input_file_ref idref="fl-12"/>
      </object_component>
      <object_component id="oc-2b">
         <name>.text</name>
         <load_address>0x29d06</load_address>
         <run_address>0x29d06</run_address>
         <size>0x746</size>
         <input_file_ref idref="fl-6"/>
      </object_component>
      <object_component id="oc-4f">
         <name>.text</name>
         <load_address>0x2a44c</load_address>
         <run_address>0x2a44c</run_address>
         <size>0x68d</size>
         <input_file_ref idref="fl-c"/>
      </object_component>
      <object_component id="oc-10f">
         <name>.text</name>
         <load_address>0x2aad9</load_address>
         <run_address>0x2aad9</run_address>
         <size>0x543</size>
         <input_file_ref idref="fl-47"/>
      </object_component>
      <object_component id="oc-121">
         <name>.text</name>
         <load_address>0x2b01c</load_address>
         <run_address>0x2b01c</run_address>
         <size>0x528</size>
         <input_file_ref idref="fl-4b"/>
      </object_component>
      <object_component id="oc-a5">
         <name>.text</name>
         <load_address>0x2b544</load_address>
         <run_address>0x2b544</run_address>
         <size>0x521</size>
         <input_file_ref idref="fl-1d"/>
      </object_component>
      <object_component id="oc-66">
         <name>.text</name>
         <load_address>0x2ba65</load_address>
         <run_address>0x2ba65</run_address>
         <size>0x508</size>
         <input_file_ref idref="fl-10"/>
      </object_component>
      <object_component id="oc-1e9">
         <name>.text</name>
         <load_address>0x2bf6d</load_address>
         <run_address>0x2bf6d</run_address>
         <size>0x4b5</size>
         <input_file_ref idref="fl-7a"/>
      </object_component>
      <object_component id="oc-dd">
         <name>.text</name>
         <load_address>0x2c422</load_address>
         <run_address>0x2c422</run_address>
         <size>0x3d1</size>
         <input_file_ref idref="fl-27"/>
      </object_component>
      <object_component id="oc-15f">
         <name>.text</name>
         <load_address>0x2c7f3</load_address>
         <run_address>0x2c7f3</run_address>
         <size>0x3cc</size>
         <input_file_ref idref="fl-59"/>
      </object_component>
      <object_component id="oc-17">
         <name>.text</name>
         <load_address>0x2cbbf</load_address>
         <run_address>0x2cbbf</run_address>
         <size>0x360</size>
         <input_file_ref idref="fl-3"/>
      </object_component>
      <object_component id="oc-91">
         <name>.text</name>
         <load_address>0x2cf1f</load_address>
         <run_address>0x2cf1f</run_address>
         <size>0x360</size>
         <input_file_ref idref="fl-19"/>
      </object_component>
      <object_component id="oc-79">
         <name>.text</name>
         <load_address>0x2d27f</load_address>
         <run_address>0x2d27f</run_address>
         <size>0x33e</size>
         <input_file_ref idref="fl-15"/>
      </object_component>
      <object_component id="oc-1b3">
         <name>.text</name>
         <load_address>0x2d5bd</load_address>
         <run_address>0x2d5bd</run_address>
         <size>0x301</size>
         <input_file_ref idref="fl-6d"/>
      </object_component>
      <object_component id="oc-54">
         <name>.text</name>
         <load_address>0x2d8be</load_address>
         <run_address>0x2d8be</run_address>
         <size>0x2eb</size>
         <input_file_ref idref="fl-d"/>
      </object_component>
      <object_component id="oc-1a5">
         <name>.text</name>
         <load_address>0x2dba9</load_address>
         <run_address>0x2dba9</run_address>
         <size>0x2bd</size>
         <input_file_ref idref="fl-6a"/>
      </object_component>
      <object_component id="oc-1ae">
         <name>.text</name>
         <load_address>0x2de66</load_address>
         <run_address>0x2de66</run_address>
         <size>0x29f</size>
         <input_file_ref idref="fl-6c"/>
      </object_component>
      <object_component id="oc-1d7">
         <name>.text</name>
         <load_address>0x2e105</load_address>
         <run_address>0x2e105</run_address>
         <size>0x27f</size>
         <input_file_ref idref="fl-76"/>
      </object_component>
      <object_component id="oc-ab">
         <name>.text</name>
         <load_address>0x2e384</load_address>
         <run_address>0x2e384</run_address>
         <size>0x25e</size>
         <input_file_ref idref="fl-1e"/>
      </object_component>
      <object_component id="oc-185">
         <name>.text</name>
         <load_address>0x2e5e2</load_address>
         <run_address>0x2e5e2</run_address>
         <size>0x25e</size>
         <input_file_ref idref="fl-62"/>
      </object_component>
      <object_component id="oc-c1">
         <name>.text</name>
         <load_address>0x2e840</load_address>
         <run_address>0x2e840</run_address>
         <size>0x25c</size>
         <input_file_ref idref="fl-22"/>
      </object_component>
      <object_component id="oc-1cb">
         <name>.text</name>
         <load_address>0x2ea9c</load_address>
         <run_address>0x2ea9c</run_address>
         <size>0x25a</size>
         <input_file_ref idref="fl-73"/>
      </object_component>
      <object_component id="oc-1bb">
         <name>.text</name>
         <load_address>0x2ecf6</load_address>
         <run_address>0x2ecf6</run_address>
         <size>0x24b</size>
         <input_file_ref idref="fl-6f"/>
      </object_component>
      <object_component id="oc-1aa">
         <name>.text</name>
         <load_address>0x2ef41</load_address>
         <run_address>0x2ef41</run_address>
         <size>0x208</size>
         <input_file_ref idref="fl-6b"/>
      </object_component>
      <object_component id="oc-159">
         <name>.text</name>
         <load_address>0x2f149</load_address>
         <run_address>0x2f149</run_address>
         <size>0x1ea</size>
         <input_file_ref idref="fl-57"/>
      </object_component>
      <object_component id="oc-1b7">
         <name>.text</name>
         <load_address>0x2f333</load_address>
         <run_address>0x2f333</run_address>
         <size>0x1d1</size>
         <input_file_ref idref="fl-6e"/>
      </object_component>
      <object_component id="oc-b6">
         <name>.text</name>
         <load_address>0x2f504</load_address>
         <run_address>0x2f504</run_address>
         <size>0x18d</size>
         <input_file_ref idref="fl-20"/>
      </object_component>
      <object_component id="oc-cb">
         <name>.text</name>
         <load_address>0x2f691</load_address>
         <run_address>0x2f691</run_address>
         <size>0x164</size>
         <input_file_ref idref="fl-24"/>
      </object_component>
      <object_component id="oc-178">
         <name>.text</name>
         <load_address>0x2f7f5</load_address>
         <run_address>0x2f7f5</run_address>
         <size>0x163</size>
         <input_file_ref idref="fl-5f"/>
      </object_component>
      <object_component id="oc-107">
         <name>.text</name>
         <load_address>0x2f958</load_address>
         <run_address>0x2f958</run_address>
         <size>0x161</size>
         <input_file_ref idref="fl-45"/>
      </object_component>
      <object_component id="oc-195">
         <name>.text</name>
         <load_address>0x2fab9</load_address>
         <run_address>0x2fab9</run_address>
         <size>0x14c</size>
         <input_file_ref idref="fl-66"/>
      </object_component>
      <object_component id="oc-d0">
         <name>.text</name>
         <load_address>0x2fc05</load_address>
         <run_address>0x2fc05</run_address>
         <size>0x129</size>
         <input_file_ref idref="fl-25"/>
      </object_component>
      <object_component id="oc-25">
         <name>.text</name>
         <load_address>0x2fd2e</load_address>
         <run_address>0x2fd2e</run_address>
         <size>0x105</size>
         <input_file_ref idref="fl-5"/>
      </object_component>
      <object_component id="oc-1a1">
         <name>.text</name>
         <load_address>0x2fe33</load_address>
         <run_address>0x2fe33</run_address>
         <size>0xe6</size>
         <input_file_ref idref="fl-69"/>
      </object_component>
      <object_component id="oc-1f">
         <name>.text</name>
         <load_address>0x2ff19</load_address>
         <run_address>0x2ff19</run_address>
         <size>0xe4</size>
         <input_file_ref idref="fl-4"/>
      </object_component>
      <object_component id="oc-1c7">
         <name>.text</name>
         <load_address>0x2fffd</load_address>
         <run_address>0x2fffd</run_address>
         <size>0xdd</size>
         <input_file_ref idref="fl-72"/>
      </object_component>
      <object_component id="oc-103">
         <name>.text</name>
         <load_address>0x300da</load_address>
         <run_address>0x300da</run_address>
         <size>0xc2</size>
         <input_file_ref idref="fl-44"/>
      </object_component>
      <object_component id="oc-129">
         <name>.text:CIO_breakpoint</name>
         <load_address>0x3019c</load_address>
         <run_address>0x3019c</run_address>
         <size>0xba</size>
         <input_file_ref idref="fl-4c"/>
      </object_component>
      <object_component id="oc-1c3">
         <name>.text</name>
         <load_address>0x30256</load_address>
         <run_address>0x30256</run_address>
         <size>0xae</size>
         <input_file_ref idref="fl-71"/>
      </object_component>
      <object_component id="oc-11">
         <name>.text</name>
         <load_address>0x30304</load_address>
         <run_address>0x30304</run_address>
         <size>0xab</size>
         <input_file_ref idref="fl-2"/>
      </object_component>
      <object_component id="oc-174">
         <name>.text</name>
         <load_address>0x303af</load_address>
         <run_address>0x303af</run_address>
         <size>0xa6</size>
         <input_file_ref idref="fl-5e"/>
      </object_component>
      <object_component id="oc-e5">
         <name>.text</name>
         <load_address>0x30455</load_address>
         <run_address>0x30455</run_address>
         <size>0xa6</size>
         <input_file_ref idref="fl-28"/>
      </object_component>
      <object_component id="oc-f8">
         <name>.text</name>
         <load_address>0x304fb</load_address>
         <run_address>0x304fb</run_address>
         <size>0xa1</size>
         <input_file_ref idref="fl-42"/>
      </object_component>
      <object_component id="oc-163">
         <name>.text</name>
         <load_address>0x3059c</load_address>
         <run_address>0x3059c</run_address>
         <size>0x9b</size>
         <input_file_ref idref="fl-5a"/>
      </object_component>
      <object_component id="oc-130">
         <name>.text</name>
         <load_address>0x30637</load_address>
         <run_address>0x30637</run_address>
         <size>0x9a</size>
         <input_file_ref idref="fl-4e"/>
      </object_component>
      <object_component id="oc-6c">
         <name>.text</name>
         <load_address>0x306d1</load_address>
         <run_address>0x306d1</run_address>
         <size>0x8c</size>
         <input_file_ref idref="fl-11"/>
      </object_component>
      <object_component id="oc-189">
         <name>.text</name>
         <load_address>0x3075d</load_address>
         <run_address>0x3075d</run_address>
         <size>0x7d</size>
         <input_file_ref idref="fl-63"/>
      </object_component>
      <object_component id="oc-1f0">
         <name>.text</name>
         <load_address>0x307da</load_address>
         <run_address>0x307da</run_address>
         <size>0x7b</size>
         <input_file_ref idref="fl-7b"/>
      </object_component>
      <object_component id="oc-1dd">
         <name>.text</name>
         <load_address>0x30855</load_address>
         <run_address>0x30855</run_address>
         <size>0x76</size>
         <input_file_ref idref="fl-77"/>
      </object_component>
      <object_component id="oc-17d">
         <name>.text</name>
         <load_address>0x308cb</load_address>
         <run_address>0x308cb</run_address>
         <size>0x73</size>
         <input_file_ref idref="fl-60"/>
      </object_component>
      <object_component id="oc-119">
         <name>.text</name>
         <load_address>0x3093e</load_address>
         <run_address>0x3093e</run_address>
         <size>0x72</size>
         <input_file_ref idref="fl-49"/>
      </object_component>
      <object_component id="oc-16b">
         <name>.text</name>
         <load_address>0x309b0</load_address>
         <run_address>0x309b0</run_address>
         <size>0x6f</size>
         <input_file_ref idref="fl-5c"/>
      </object_component>
      <object_component id="oc-d7">
         <name>.text</name>
         <load_address>0x30a1f</load_address>
         <run_address>0x30a1f</run_address>
         <size>0x6e</size>
         <input_file_ref idref="fl-26"/>
      </object_component>
      <object_component id="oc-126">
         <name>.text</name>
         <load_address>0x30a8d</load_address>
         <run_address>0x30a8d</run_address>
         <size>0x6d</size>
         <input_file_ref idref="fl-4c"/>
      </object_component>
      <object_component id="oc-eb">
         <name>.text</name>
         <load_address>0x30afa</load_address>
         <run_address>0x30afa</run_address>
         <size>0x6d</size>
         <input_file_ref idref="fl-29"/>
      </object_component>
      <object_component id="oc-1e1">
         <name>.text</name>
         <load_address>0x30b67</load_address>
         <run_address>0x30b67</run_address>
         <size>0x6b</size>
         <input_file_ref idref="fl-78"/>
      </object_component>
      <object_component id="oc-139">
         <name>.text</name>
         <load_address>0x30bd2</load_address>
         <run_address>0x30bd2</run_address>
         <size>0x6a</size>
         <input_file_ref idref="fl-50"/>
      </object_component>
      <object_component id="oc-16f">
         <name>.text</name>
         <load_address>0x30c3c</load_address>
         <run_address>0x30c3c</run_address>
         <size>0x67</size>
         <input_file_ref idref="fl-5d"/>
      </object_component>
      <object_component id="oc-151">
         <name>.text</name>
         <load_address>0x30ca3</load_address>
         <run_address>0x30ca3</run_address>
         <size>0x5c</size>
         <input_file_ref idref="fl-55"/>
      </object_component>
      <object_component id="oc-c6">
         <name>.text</name>
         <load_address>0x30cff</load_address>
         <run_address>0x30cff</run_address>
         <size>0x54</size>
         <input_file_ref idref="fl-23"/>
      </object_component>
      <object_component id="oc-115">
         <name>.text</name>
         <load_address>0x30d53</load_address>
         <run_address>0x30d53</run_address>
         <size>0x50</size>
         <input_file_ref idref="fl-48"/>
      </object_component>
      <object_component id="oc-155">
         <name>.text</name>
         <load_address>0x30da3</load_address>
         <run_address>0x30da3</run_address>
         <size>0x4d</size>
         <input_file_ref idref="fl-56"/>
      </object_component>
      <object_component id="oc-14d">
         <name>.text</name>
         <load_address>0x30df0</load_address>
         <run_address>0x30df0</run_address>
         <size>0x4b</size>
         <input_file_ref idref="fl-54"/>
      </object_component>
      <object_component id="oc-19d">
         <name>.text</name>
         <load_address>0x30e3b</load_address>
         <run_address>0x30e3b</run_address>
         <size>0x4b</size>
         <input_file_ref idref="fl-68"/>
      </object_component>
      <object_component id="oc-1cf">
         <name>.text</name>
         <load_address>0x30e86</load_address>
         <run_address>0x30e86</run_address>
         <size>0x48</size>
         <input_file_ref idref="fl-74"/>
      </object_component>
      <object_component id="oc-191">
         <name>.text</name>
         <load_address>0x30ece</load_address>
         <run_address>0x30ece</run_address>
         <size>0x3f</size>
         <input_file_ref idref="fl-65"/>
      </object_component>
      <object_component id="oc-fc">
         <name>.text</name>
         <load_address>0x30f0d</load_address>
         <run_address>0x30f0d</run_address>
         <size>0x3e</size>
         <input_file_ref idref="fl-43"/>
      </object_component>
      <object_component id="oc-1e5">
         <name>.text</name>
         <load_address>0x30f4b</load_address>
         <run_address>0x30f4b</run_address>
         <size>0x3c</size>
         <input_file_ref idref="fl-79"/>
      </object_component>
      <object_component id="oc-10">
         <name>.text</name>
         <load_address>0x30f87</load_address>
         <run_address>0x30f87</run_address>
         <size>0x34</size>
         <input_file_ref idref="fl-40"/>
      </object_component>
      <object_component id="oc-167">
         <name>.text</name>
         <load_address>0x30fbb</load_address>
         <run_address>0x30fbb</run_address>
         <size>0x2a</size>
         <input_file_ref idref="fl-5b"/>
      </object_component>
      <object_component id="oc-12c">
         <name>.text</name>
         <load_address>0x30fe5</load_address>
         <run_address>0x30fe5</run_address>
         <size>0x2a</size>
         <input_file_ref idref="fl-4d"/>
      </object_component>
      <object_component id="oc-18d">
         <name>.text</name>
         <load_address>0x3100f</load_address>
         <run_address>0x3100f</run_address>
         <size>0x23</size>
         <input_file_ref idref="fl-64"/>
      </object_component>
      <object_component id="oc-181">
         <name>.text</name>
         <load_address>0x31032</load_address>
         <run_address>0x31032</run_address>
         <size>0x1a</size>
         <input_file_ref idref="fl-61"/>
      </object_component>
      <object_component id="oc-1bf">
         <name>.text</name>
         <load_address>0x3104c</load_address>
         <run_address>0x3104c</run_address>
         <size>0x14</size>
         <input_file_ref idref="fl-70"/>
      </object_component>
      <object_component id="oc-10b">
         <name>.text</name>
         <load_address>0x31060</load_address>
         <run_address>0x31060</run_address>
         <size>0x13</size>
         <input_file_ref idref="fl-46"/>
      </object_component>
      <object_component id="oc-13d">
         <name>.text</name>
         <load_address>0x31073</load_address>
         <run_address>0x31073</run_address>
         <size>0x12</size>
         <input_file_ref idref="fl-51"/>
      </object_component>
      <object_component id="oc-11d">
         <name>.text</name>
         <load_address>0x31085</load_address>
         <run_address>0x31085</run_address>
         <size>0x11</size>
         <input_file_ref idref="fl-4a"/>
      </object_component>
      <object_component id="oc-199">
         <name>.text</name>
         <load_address>0x31096</load_address>
         <run_address>0x31096</run_address>
         <size>0x10</size>
         <input_file_ref idref="fl-67"/>
      </object_component>
      <object_component id="oc-1f4">
         <name>.text</name>
         <load_address>0x310a6</load_address>
         <run_address>0x310a6</run_address>
         <size>0xa</size>
         <input_file_ref idref="fl-7c"/>
      </object_component>
      <object_component id="oc-100">
         <name>.text:CIO_breakpoint</name>
         <load_address>0x310b0</load_address>
         <run_address>0x310b0</run_address>
         <size>0x7</size>
         <input_file_ref idref="fl-43"/>
      </object_component>
      <object_component id="oc-134">
         <name>.text</name>
         <load_address>0x310b7</load_address>
         <run_address>0x310b7</run_address>
         <size>0x2</size>
         <input_file_ref idref="fl-4f"/>
      </object_component>
      <object_component id="oc-f0">
         <name>.stack</name>
         <uninitialized>true</uninitialized>
         <run_address>0x37bf4</run_address>
         <size>0x0</size>
         <input_file_ref idref="fl-40"/>
      </object_component>
      <object_component id="oc-223">
         <name>.stack</name>
         <uninitialized>true</uninitialized>
         <run_address>0x37bf4</run_address>
         <size>0x0</size>
      </object_component>
      <object_component id="oc-1f8">
         <name>.sysstack</name>
         <uninitialized>true</uninitialized>
         <run_address>0x38bf4</run_address>
         <size>0x0</size>
         <input_file_ref idref="fl-40"/>
      </object_component>
      <object_component id="oc-225">
         <name>.sysstack</name>
         <uninitialized>true</uninitialized>
         <run_address>0x38bf4</run_address>
         <size>0x0</size>
      </object_component>
      <object_component id="oc-85">
         <name>.bss</name>
         <load_address>0x35040</load_address>
         <run_address>0x35040</run_address>
         <size>0x1a48</size>
         <input_file_ref idref="fl-17"/>
      </object_component>
      <object_component id="oc-bc">
         <name>.bss</name>
         <load_address>0x36a88</load_address>
         <run_address>0x36a88</run_address>
         <size>0x8e4</size>
         <input_file_ref idref="fl-21"/>
      </object_component>
      <object_component id="oc-f4">
         <name>.bss</name>
         <load_address>0x3736c</load_address>
         <run_address>0x3736c</run_address>
         <size>0x232</size>
         <input_file_ref idref="fl-41"/>
      </object_component>
      <object_component id="oc-39">
         <name>.bss</name>
         <load_address>0x3759e</load_address>
         <run_address>0x3759e</run_address>
         <size>0x2</size>
         <input_file_ref idref="fl-8"/>
      </object_component>
      <object_component id="oc-de">
         <name>.bss</name>
         <load_address>0x375a0</load_address>
         <run_address>0x375a0</run_address>
         <size>0x1bc</size>
         <input_file_ref idref="fl-27"/>
      </object_component>
      <object_component id="oc-122">
         <name>.bss</name>
         <load_address>0x3775c</load_address>
         <run_address>0x3775c</run_address>
         <size>0x1a0</size>
         <input_file_ref idref="fl-4b"/>
      </object_component>
      <object_component id="oc-67">
         <name>.bss</name>
         <load_address>0x378fc</load_address>
         <run_address>0x378fc</run_address>
         <size>0x108</size>
         <input_file_ref idref="fl-10"/>
      </object_component>
      <object_component id="oc-110">
         <name>.bss</name>
         <load_address>0x37a04</load_address>
         <run_address>0x37a04</run_address>
         <size>0xe2</size>
         <input_file_ref idref="fl-47"/>
      </object_component>
      <object_component id="oc-60">
         <name>.bss</name>
         <load_address>0x37ae6</load_address>
         <run_address>0x37ae6</run_address>
         <size>0x54</size>
         <input_file_ref idref="fl-f"/>
      </object_component>
      <object_component id="oc-d1">
         <name>.bss</name>
         <load_address>0x37b3a</load_address>
         <run_address>0x37b3a</run_address>
         <size>0x2</size>
         <input_file_ref idref="fl-25"/>
      </object_component>
      <object_component id="oc-7f">
         <name>.bss</name>
         <load_address>0x37b3c</load_address>
         <run_address>0x37b3c</run_address>
         <size>0x48</size>
         <input_file_ref idref="fl-16"/>
      </object_component>
      <object_component id="oc-5a">
         <name>.bss</name>
         <load_address>0x37b84</load_address>
         <run_address>0x37b84</run_address>
         <size>0x24</size>
         <input_file_ref idref="fl-e"/>
      </object_component>
      <object_component id="oc-2c">
         <name>.bss</name>
         <load_address>0x37ba8</load_address>
         <run_address>0x37ba8</run_address>
         <size>0x1c</size>
         <input_file_ref idref="fl-6"/>
      </object_component>
      <object_component id="oc-1ea">
         <name>.bss</name>
         <load_address>0x37bc4</load_address>
         <run_address>0x37bc4</run_address>
         <size>0xc</size>
         <input_file_ref idref="fl-7a"/>
      </object_component>
      <object_component id="oc-13e">
         <name>.bss</name>
         <load_address>0x37bd0</load_address>
         <run_address>0x37bd0</run_address>
         <size>0x8</size>
         <input_file_ref idref="fl-51"/>
      </object_component>
      <object_component id="oc-fd">
         <name>.bss</name>
         <load_address>0x37bd8</load_address>
         <run_address>0x37bd8</run_address>
         <size>0x8</size>
         <input_file_ref idref="fl-43"/>
      </object_component>
      <object_component id="oc-a6">
         <name>.bss</name>
         <load_address>0x37be0</load_address>
         <run_address>0x37be0</run_address>
         <size>0x6</size>
         <input_file_ref idref="fl-1d"/>
      </object_component>
      <object_component id="oc-ac">
         <name>.bss</name>
         <load_address>0x37be6</load_address>
         <run_address>0x37be6</run_address>
         <size>0x6</size>
         <input_file_ref idref="fl-1e"/>
      </object_component>
      <object_component id="oc-18">
         <name>.bss</name>
         <load_address>0x37bec</load_address>
         <run_address>0x37bec</run_address>
         <size>0x4</size>
         <input_file_ref idref="fl-3"/>
      </object_component>
      <object_component id="oc-1d3">
         <name>.bss</name>
         <load_address>0x37bf0</load_address>
         <run_address>0x37bf0</run_address>
         <size>0x2</size>
         <input_file_ref idref="fl-75"/>
      </object_component>
      <object_component id="oc-1d8">
         <name>.bss</name>
         <load_address>0x37bf2</load_address>
         <run_address>0x37bf2</run_address>
         <size>0x2</size>
         <input_file_ref idref="fl-76"/>
      </object_component>
      <object_component id="oc-112">
         <name>.cinit</name>
         <load_address>0x3ae7c</load_address>
         <run_address>0x3ae7c</run_address>
         <size>0x5a</size>
         <input_file_ref idref="fl-47"/>
      </object_component>
      <object_component id="oc-f6">
         <name>.cinit</name>
         <load_address>0x3aed6</load_address>
         <run_address>0x3aed6</run_address>
         <size>0x54</size>
         <input_file_ref idref="fl-41"/>
      </object_component>
      <object_component id="oc-87">
         <name>.cinit</name>
         <load_address>0x3af2a</load_address>
         <run_address>0x3af2a</run_address>
         <size>0x46</size>
         <input_file_ref idref="fl-17"/>
      </object_component>
      <object_component id="oc-140">
         <name>.cinit</name>
         <load_address>0x3af70</load_address>
         <run_address>0x3af70</run_address>
         <size>0x14</size>
         <input_file_ref idref="fl-51"/>
      </object_component>
      <object_component id="oc-ff">
         <name>.cinit</name>
         <load_address>0x3af84</load_address>
         <run_address>0x3af84</run_address>
         <size>0x14</size>
         <input_file_ref idref="fl-43"/>
      </object_component>
      <object_component id="oc-62">
         <name>.cinit</name>
         <load_address>0x3af98</load_address>
         <run_address>0x3af98</run_address>
         <size>0x10</size>
         <input_file_ref idref="fl-f"/>
      </object_component>
      <object_component id="oc-1a">
         <name>.cinit</name>
         <load_address>0x3afa8</load_address>
         <run_address>0x3afa8</run_address>
         <size>0xa</size>
         <input_file_ref idref="fl-3"/>
      </object_component>
      <object_component id="oc-3b">
         <name>.cinit</name>
         <load_address>0x3afb2</load_address>
         <run_address>0x3afb2</run_address>
         <size>0x8</size>
         <input_file_ref idref="fl-8"/>
      </object_component>
      <object_component id="oc-d3">
         <name>.cinit</name>
         <load_address>0x3afba</load_address>
         <run_address>0x3afba</run_address>
         <size>0x8</size>
         <input_file_ref idref="fl-25"/>
      </object_component>
      <object_component id="oc-e0">
         <name>.cinit</name>
         <load_address>0x3afc2</load_address>
         <run_address>0x3afc2</run_address>
         <size>0x8</size>
         <input_file_ref idref="fl-27"/>
      </object_component>
      <object_component id="oc-1d5">
         <name>.cinit</name>
         <load_address>0x3afca</load_address>
         <run_address>0x3afca</run_address>
         <size>0x8</size>
         <input_file_ref idref="fl-75"/>
      </object_component>
      <object_component id="oc-1da">
         <name>.cinit</name>
         <load_address>0x3afd2</load_address>
         <run_address>0x3afd2</run_address>
         <size>0x8</size>
         <input_file_ref idref="fl-76"/>
      </object_component>
      <object_component id="oc-1ec">
         <name>.cinit</name>
         <load_address>0x3afda</load_address>
         <run_address>0x3afda</run_address>
         <size>0x8</size>
         <input_file_ref idref="fl-7a"/>
      </object_component>
      <object_component id="oc-1f9">
         <name>.const:_arial_8ptBitmaps</name>
         <load_address>0x39bf4</load_address>
         <run_address>0x39bf4</run_address>
         <size>0x3b8</size>
         <input_file_ref idref="fl-6"/>
      </object_component>
      <object_component id="oc-1fa">
         <name>.const:_arial_8ptDescriptors</name>
         <load_address>0x39fac</load_address>
         <run_address>0x39fac</run_address>
         <size>0x23a</size>
         <input_file_ref idref="fl-6"/>
      </object_component>
      <object_component id="oc-204">
         <name>.const:__ctypes_</name>
         <load_address>0x3a1e6</load_address>
         <run_address>0x3a1e6</run_address>
         <size>0x202</size>
         <input_file_ref idref="fl-58"/>
      </object_component>
      <object_component id="oc-e1">
         <name>.const:.string</name>
         <load_address>0x3a3e8</load_address>
         <run_address>0x3a3e8</run_address>
         <size>0x192</size>
         <input_file_ref idref="fl-27"/>
      </object_component>
      <object_component id="oc-3c">
         <name>.const:.string</name>
         <load_address>0x3a57c</load_address>
         <run_address>0x3a57c</run_address>
         <size>0xf6</size>
         <input_file_ref idref="fl-8"/>
      </object_component>
      <object_component id="oc-27">
         <name>.const:.string</name>
         <load_address>0x3a674</load_address>
         <run_address>0x3a674</run_address>
         <size>0xac</size>
         <input_file_ref idref="fl-5"/>
      </object_component>
      <object_component id="oc-2e">
         <name>.const:.string</name>
         <load_address>0x3a720</load_address>
         <run_address>0x3a720</run_address>
         <size>0x76</size>
         <input_file_ref idref="fl-6"/>
      </object_component>
      <object_component id="oc-1b">
         <name>.const:.string</name>
         <load_address>0x3a798</load_address>
         <run_address>0x3a798</run_address>
         <size>0x60</size>
         <input_file_ref idref="fl-3"/>
      </object_component>
      <object_component id="oc-d9">
         <name>.const:.string</name>
         <load_address>0x3a7f8</load_address>
         <run_address>0x3a7f8</run_address>
         <size>0x56</size>
         <input_file_ref idref="fl-26"/>
      </object_component>
      <object_component id="oc-146">
         <name>.const:.string</name>
         <load_address>0x3a850</load_address>
         <run_address>0x3a850</run_address>
         <size>0x48</size>
         <input_file_ref idref="fl-52"/>
      </object_component>
      <object_component id="oc-13">
         <name>.const:.string</name>
         <load_address>0x3a898</load_address>
         <run_address>0x3a898</run_address>
         <size>0x3c</size>
         <input_file_ref idref="fl-2"/>
      </object_component>
      <object_component id="oc-e7">
         <name>.const:.string</name>
         <load_address>0x3a8d4</load_address>
         <run_address>0x3a8d4</run_address>
         <size>0x38</size>
         <input_file_ref idref="fl-28"/>
      </object_component>
      <object_component id="oc-21">
         <name>.const:.string</name>
         <load_address>0x3a90c</load_address>
         <run_address>0x3a90c</run_address>
         <size>0x30</size>
         <input_file_ref idref="fl-4"/>
      </object_component>
      <object_component id="oc-208">
         <name>.const:_digits</name>
         <load_address>0x3a93c</load_address>
         <run_address>0x3a93c</run_address>
         <size>0x28</size>
         <input_file_ref idref="fl-6a"/>
      </object_component>
      <object_component id="oc-20a">
         <name>.const:_digits</name>
         <load_address>0x3a964</load_address>
         <run_address>0x3a964</run_address>
         <size>0x28</size>
         <input_file_ref idref="fl-6c"/>
      </object_component>
      <object_component id="oc-34">
         <name>.const:.string</name>
         <load_address>0x3a98c</load_address>
         <run_address>0x3a98c</run_address>
         <size>0x24</size>
         <input_file_ref idref="fl-7"/>
      </object_component>
      <object_component id="oc-8d">
         <name>.const:.string</name>
         <load_address>0x3a9b0</load_address>
         <run_address>0x3a9b0</run_address>
         <size>0x24</size>
         <input_file_ref idref="fl-18"/>
      </object_component>
      <object_component id="oc-209">
         <name>.const:_powerof10</name>
         <load_address>0x3a9d4</load_address>
         <run_address>0x3a9d4</run_address>
         <size>0x18</size>
         <input_file_ref idref="fl-6a"/>
      </object_component>
      <object_component id="oc-20b">
         <name>.const:_powerof10</name>
         <load_address>0x3a9ec</load_address>
         <run_address>0x3a9ec</run_address>
         <size>0x18</size>
         <input_file_ref idref="fl-6c"/>
      </object_component>
      <object_component id="oc-145">
         <name>.const</name>
         <load_address>0x3aa04</load_address>
         <run_address>0x3aa04</run_address>
         <size>0x18</size>
         <input_file_ref idref="fl-52"/>
      </object_component>
      <object_component id="oc-1fb">
         <name>.const:_arial_8ptFontInfo</name>
         <load_address>0x3aa1c</load_address>
         <run_address>0x3aa1c</run_address>
         <size>0x10</size>
         <input_file_ref idref="fl-6"/>
      </object_component>
      <object_component id="oc-207">
         <name>.const:_initial_approx$1</name>
         <load_address>0x3aa2c</load_address>
         <run_address>0x3aa2c</run_address>
         <size>0x10</size>
         <input_file_ref idref="fl-59"/>
      </object_component>
      <object_component id="oc-1a7">
         <name>.const</name>
         <load_address>0x3aa3c</load_address>
         <run_address>0x3aa3c</run_address>
         <size>0x10</size>
         <input_file_ref idref="fl-6a"/>
      </object_component>
      <object_component id="oc-1b0">
         <name>.const</name>
         <load_address>0x3aa4c</load_address>
         <run_address>0x3aa4c</run_address>
         <size>0x10</size>
         <input_file_ref idref="fl-6c"/>
      </object_component>
      <object_component id="oc-205">
         <name>.const:_flit$1</name>
         <load_address>0x3aa5c</load_address>
         <run_address>0x3aa5c</run_address>
         <size>0xe</size>
         <input_file_ref idref="fl-53"/>
      </object_component>
      <object_component id="oc-206">
         <name>.const:_barr$2</name>
         <load_address>0x3aa6a</load_address>
         <run_address>0x3aa6a</run_address>
         <size>0xc</size>
         <input_file_ref idref="fl-53"/>
      </object_component>
      <object_component id="oc-17a">
         <name>.const:.string</name>
         <load_address>0x3aa78</load_address>
         <run_address>0x3aa78</run_address>
         <size>0x4</size>
         <input_file_ref idref="fl-5f"/>
      </object_component>
      <object_component id="oc-171">
         <name>.const</name>
         <load_address>0x3aa7c</load_address>
         <run_address>0x3aa7c</run_address>
         <size>0x4</size>
         <input_file_ref idref="fl-5d"/>
      </object_component>
      <object_component id="oc-1ed">
         <name>.sysmem</name>
         <uninitialized>true</uninitialized>
         <run_address>0x310ba</run_address>
         <size>0x0</size>
         <input_file_ref idref="fl-7a"/>
      </object_component>
      <object_component id="oc-224">
         <name>.sysmem</name>
         <uninitialized>true</uninitialized>
         <run_address>0x310ba</run_address>
         <size>0x0</size>
      </object_component>
      <object_component id="oc-128">
         <name>.cio</name>
         <uninitialized>true</uninitialized>
         <run_address>0x3aa80</run_address>
         <size>0x240</size>
         <input_file_ref idref="fl-4c"/>
      </object_component>
      <object_component id="oc-201">
         <name>.switch:_SDIO_eventDisable</name>
         <load_address>0x3acc0</load_address>
         <run_address>0x3acc0</run_address>
         <size>0x44</size>
         <input_file_ref idref="fl-1c"/>
      </object_component>
      <object_component id="oc-200">
         <name>.switch:_SDIO_eventEnable</name>
         <load_address>0x3ad04</load_address>
         <run_address>0x3ad04</run_address>
         <size>0x44</size>
         <input_file_ref idref="fl-1c"/>
      </object_component>
      <object_component id="oc-1fc">
         <name>.switch:_DMA_config</name>
         <load_address>0x3ad48</load_address>
         <run_address>0x3ad48</run_address>
         <size>0x40</size>
         <input_file_ref idref="fl-a"/>
      </object_component>
      <object_component id="oc-1fd">
         <name>.switch:_DMA_getConfig</name>
         <load_address>0x3ad88</load_address>
         <run_address>0x3ad88</run_address>
         <size>0x40</size>
         <input_file_ref idref="fl-a"/>
      </object_component>
      <object_component id="oc-1fe">
         <name>.switch:_DMA_reset</name>
         <load_address>0x3adc8</load_address>
         <run_address>0x3adc8</run_address>
         <size>0x40</size>
         <input_file_ref idref="fl-a"/>
      </object_component>
      <object_component id="oc-203">
         <name>.switch:_USB_coreEventProcessEp0</name>
         <load_address>0x3ae08</load_address>
         <run_address>0x3ae08</run_address>
         <size>0x30</size>
         <input_file_ref idref="fl-21"/>
      </object_component>
      <object_component id="oc-202">
         <name>.switch:_SYS_setEBSR</name>
         <load_address>0x3ae38</load_address>
         <run_address>0x3ae38</run_address>
         <size>0x24</size>
         <input_file_ref idref="fl-1e"/>
      </object_component>
      <object_component id="oc-1ff">
         <name>.switch:_MSC_Bulk</name>
         <load_address>0x3ae5c</load_address>
         <run_address>0x3ae5c</run_address>
         <size>0x20</size>
         <input_file_ref idref="fl-18"/>
      </object_component>
      <object_component id="oc-12">
         <name>.debug_info</name>
         <load_address>0x0</load_address>
         <run_address>0x0</run_address>
         <size>0x11d2</size>
         <input_file_ref idref="fl-2"/>
      </object_component>
      <object_component id="oc-19">
         <name>.debug_info</name>
         <load_address>0x11d2</load_address>
         <run_address>0x11d2</run_address>
         <size>0x23f1</size>
         <input_file_ref idref="fl-3"/>
      </object_component>
      <object_component id="oc-20">
         <name>.debug_info</name>
         <load_address>0x35c3</load_address>
         <run_address>0x35c3</run_address>
         <size>0x1227</size>
         <input_file_ref idref="fl-4"/>
      </object_component>
      <object_component id="oc-26">
         <name>.debug_info</name>
         <load_address>0x47ea</load_address>
         <run_address>0x47ea</run_address>
         <size>0xe46</size>
         <input_file_ref idref="fl-5"/>
      </object_component>
      <object_component id="oc-2d">
         <name>.debug_info</name>
         <load_address>0x5630</load_address>
         <run_address>0x5630</run_address>
         <size>0x1baa</size>
         <input_file_ref idref="fl-6"/>
      </object_component>
      <object_component id="oc-33">
         <name>.debug_info</name>
         <load_address>0x71da</load_address>
         <run_address>0x71da</run_address>
         <size>0x50ea</size>
         <input_file_ref idref="fl-7"/>
      </object_component>
      <object_component id="oc-3a">
         <name>.debug_info</name>
         <load_address>0xc2c4</load_address>
         <run_address>0xc2c4</run_address>
         <size>0x554e</size>
         <input_file_ref idref="fl-8"/>
      </object_component>
      <object_component id="oc-41">
         <name>.debug_info</name>
         <load_address>0x11812</load_address>
         <run_address>0x11812</run_address>
         <size>0x1451</size>
         <input_file_ref idref="fl-9"/>
      </object_component>
      <object_component id="oc-46">
         <name>.debug_info</name>
         <load_address>0x12c63</load_address>
         <run_address>0x12c63</run_address>
         <size>0x2386</size>
         <input_file_ref idref="fl-a"/>
      </object_component>
      <object_component id="oc-4b">
         <name>.debug_info</name>
         <load_address>0x14fe9</load_address>
         <run_address>0x14fe9</run_address>
         <size>0x49d5</size>
         <input_file_ref idref="fl-b"/>
      </object_component>
      <object_component id="oc-50">
         <name>.debug_info</name>
         <load_address>0x199be</load_address>
         <run_address>0x199be</run_address>
         <size>0x146d</size>
         <input_file_ref idref="fl-c"/>
      </object_component>
      <object_component id="oc-55">
         <name>.debug_info</name>
         <load_address>0x1ae2b</load_address>
         <run_address>0x1ae2b</run_address>
         <size>0x1377</size>
         <input_file_ref idref="fl-d"/>
      </object_component>
      <object_component id="oc-5b">
         <name>.debug_info</name>
         <load_address>0x1c1a2</load_address>
         <run_address>0x1c1a2</run_address>
         <size>0x2460</size>
         <input_file_ref idref="fl-e"/>
      </object_component>
      <object_component id="oc-61">
         <name>.debug_info</name>
         <load_address>0x1e602</load_address>
         <run_address>0x1e602</run_address>
         <size>0x1fa5</size>
         <input_file_ref idref="fl-f"/>
      </object_component>
      <object_component id="oc-68">
         <name>.debug_info</name>
         <load_address>0x205a7</load_address>
         <run_address>0x205a7</run_address>
         <size>0x156e</size>
         <input_file_ref idref="fl-10"/>
      </object_component>
      <object_component id="oc-6d">
         <name>.debug_info</name>
         <load_address>0x21b15</load_address>
         <run_address>0x21b15</run_address>
         <size>0x110</size>
         <input_file_ref idref="fl-11"/>
      </object_component>
      <object_component id="oc-71">
         <name>.debug_info</name>
         <load_address>0x21c25</load_address>
         <run_address>0x21c25</run_address>
         <size>0x1ac8</size>
         <input_file_ref idref="fl-12"/>
      </object_component>
      <object_component id="oc-75">
         <name>.debug_info</name>
         <load_address>0x236ed</load_address>
         <run_address>0x236ed</run_address>
         <size>0x47e</size>
         <input_file_ref idref="fl-13"/>
      </object_component>
      <object_component id="oc-77">
         <name>.debug_info</name>
         <load_address>0x23b6b</load_address>
         <run_address>0x23b6b</run_address>
         <size>0x47e</size>
         <input_file_ref idref="fl-14"/>
      </object_component>
      <object_component id="oc-7a">
         <name>.debug_info</name>
         <load_address>0x23fe9</load_address>
         <run_address>0x23fe9</run_address>
         <size>0x12f6</size>
         <input_file_ref idref="fl-15"/>
      </object_component>
      <object_component id="oc-80">
         <name>.debug_info</name>
         <load_address>0x252df</load_address>
         <run_address>0x252df</run_address>
         <size>0x9dfe</size>
         <input_file_ref idref="fl-16"/>
      </object_component>
      <object_component id="oc-86">
         <name>.debug_info</name>
         <load_address>0x2f0dd</load_address>
         <run_address>0x2f0dd</run_address>
         <size>0x54c8</size>
         <input_file_ref idref="fl-17"/>
      </object_component>
      <object_component id="oc-8c">
         <name>.debug_info</name>
         <load_address>0x345a5</load_address>
         <run_address>0x345a5</run_address>
         <size>0x7a6d</size>
         <input_file_ref idref="fl-18"/>
      </object_component>
      <object_component id="oc-92">
         <name>.debug_info</name>
         <load_address>0x3c012</load_address>
         <run_address>0x3c012</run_address>
         <size>0x1118</size>
         <input_file_ref idref="fl-19"/>
      </object_component>
      <object_component id="oc-97">
         <name>.debug_info</name>
         <load_address>0x3d12a</load_address>
         <run_address>0x3d12a</run_address>
         <size>0x267e</size>
         <input_file_ref idref="fl-1a"/>
      </object_component>
      <object_component id="oc-9c">
         <name>.debug_info</name>
         <load_address>0x3f7a8</load_address>
         <run_address>0x3f7a8</run_address>
         <size>0x1b25</size>
         <input_file_ref idref="fl-1b"/>
      </object_component>
      <object_component id="oc-a1">
         <name>.debug_info</name>
         <load_address>0x412cd</load_address>
         <run_address>0x412cd</run_address>
         <size>0x4fda</size>
         <input_file_ref idref="fl-1c"/>
      </object_component>
      <object_component id="oc-a7">
         <name>.debug_info</name>
         <load_address>0x462a7</load_address>
         <run_address>0x462a7</run_address>
         <size>0x1d29</size>
         <input_file_ref idref="fl-1d"/>
      </object_component>
      <object_component id="oc-ad">
         <name>.debug_info</name>
         <load_address>0x47fd0</load_address>
         <run_address>0x47fd0</run_address>
         <size>0xf23</size>
         <input_file_ref idref="fl-1e"/>
      </object_component>
      <object_component id="oc-b2">
         <name>.debug_info</name>
         <load_address>0x48ef3</load_address>
         <run_address>0x48ef3</run_address>
         <size>0x2f32</size>
         <input_file_ref idref="fl-1f"/>
      </object_component>
      <object_component id="oc-b7">
         <name>.debug_info</name>
         <load_address>0x4be25</load_address>
         <run_address>0x4be25</run_address>
         <size>0x13fa</size>
         <input_file_ref idref="fl-20"/>
      </object_component>
      <object_component id="oc-bd">
         <name>.debug_info</name>
         <load_address>0x4d21f</load_address>
         <run_address>0x4d21f</run_address>
         <size>0x6d89</size>
         <input_file_ref idref="fl-21"/>
      </object_component>
      <object_component id="oc-c2">
         <name>.debug_info</name>
         <load_address>0x53fa8</load_address>
         <run_address>0x53fa8</run_address>
         <size>0x12b1</size>
         <input_file_ref idref="fl-22"/>
      </object_component>
      <object_component id="oc-c7">
         <name>.debug_info</name>
         <load_address>0x55259</load_address>
         <run_address>0x55259</run_address>
         <size>0x663</size>
         <input_file_ref idref="fl-23"/>
      </object_component>
      <object_component id="oc-cc">
         <name>.debug_info</name>
         <load_address>0x558bc</load_address>
         <run_address>0x558bc</run_address>
         <size>0x7f2</size>
         <input_file_ref idref="fl-24"/>
      </object_component>
      <object_component id="oc-d2">
         <name>.debug_info</name>
         <load_address>0x560ae</load_address>
         <run_address>0x560ae</run_address>
         <size>0xac8</size>
         <input_file_ref idref="fl-25"/>
      </object_component>
      <object_component id="oc-d8">
         <name>.debug_info</name>
         <load_address>0x56b76</load_address>
         <run_address>0x56b76</run_address>
         <size>0x9dd</size>
         <input_file_ref idref="fl-26"/>
      </object_component>
      <object_component id="oc-df">
         <name>.debug_info</name>
         <load_address>0x57553</load_address>
         <run_address>0x57553</run_address>
         <size>0x1d16</size>
         <input_file_ref idref="fl-27"/>
      </object_component>
      <object_component id="oc-e6">
         <name>.debug_info</name>
         <load_address>0x59269</load_address>
         <run_address>0x59269</run_address>
         <size>0xf46</size>
         <input_file_ref idref="fl-28"/>
      </object_component>
      <object_component id="oc-ed">
         <name>.debug_info</name>
         <load_address>0x5a1af</load_address>
         <run_address>0x5a1af</run_address>
         <size>0xfa</size>
         <input_file_ref idref="fl-29"/>
      </object_component>
      <object_component id="oc-f1">
         <name>.debug_info</name>
         <load_address>0x5a2a9</load_address>
         <run_address>0x5a2a9</run_address>
         <size>0xe8</size>
         <input_file_ref idref="fl-40"/>
      </object_component>
      <object_component id="oc-f5">
         <name>.debug_info</name>
         <load_address>0x5a391</load_address>
         <run_address>0x5a391</run_address>
         <size>0x57e</size>
         <input_file_ref idref="fl-41"/>
      </object_component>
      <object_component id="oc-f9">
         <name>.debug_info</name>
         <load_address>0x5a90f</load_address>
         <run_address>0x5a90f</run_address>
         <size>0x534</size>
         <input_file_ref idref="fl-42"/>
      </object_component>
      <object_component id="oc-fe">
         <name>.debug_info</name>
         <load_address>0x5ae43</load_address>
         <run_address>0x5ae43</run_address>
         <size>0x5fb</size>
         <input_file_ref idref="fl-43"/>
      </object_component>
      <object_component id="oc-104">
         <name>.debug_info</name>
         <load_address>0x5b43e</load_address>
         <run_address>0x5b43e</run_address>
         <size>0x706</size>
         <input_file_ref idref="fl-44"/>
      </object_component>
      <object_component id="oc-108">
         <name>.debug_info</name>
         <load_address>0x5bb44</load_address>
         <run_address>0x5bb44</run_address>
         <size>0xa2d</size>
         <input_file_ref idref="fl-45"/>
      </object_component>
      <object_component id="oc-10c">
         <name>.debug_info</name>
         <load_address>0x5c571</load_address>
         <run_address>0x5c571</run_address>
         <size>0xbd</size>
         <input_file_ref idref="fl-46"/>
      </object_component>
      <object_component id="oc-111">
         <name>.debug_info</name>
         <load_address>0x5c62e</load_address>
         <run_address>0x5c62e</run_address>
         <size>0x144b</size>
         <input_file_ref idref="fl-47"/>
      </object_component>
      <object_component id="oc-116">
         <name>.debug_info</name>
         <load_address>0x5da79</load_address>
         <run_address>0x5da79</run_address>
         <size>0x76c</size>
         <input_file_ref idref="fl-48"/>
      </object_component>
      <object_component id="oc-11a">
         <name>.debug_info</name>
         <load_address>0x5e1e5</load_address>
         <run_address>0x5e1e5</run_address>
         <size>0x534</size>
         <input_file_ref idref="fl-49"/>
      </object_component>
      <object_component id="oc-11e">
         <name>.debug_info</name>
         <load_address>0x5e719</load_address>
         <run_address>0x5e719</run_address>
         <size>0x589</size>
         <input_file_ref idref="fl-4a"/>
      </object_component>
      <object_component id="oc-123">
         <name>.debug_info</name>
         <load_address>0x5eca2</load_address>
         <run_address>0x5eca2</run_address>
         <size>0xed4</size>
         <input_file_ref idref="fl-4b"/>
      </object_component>
      <object_component id="oc-127">
         <name>.debug_info</name>
         <load_address>0x5fb76</load_address>
         <run_address>0x5fb76</run_address>
         <size>0x744</size>
         <input_file_ref idref="fl-4c"/>
      </object_component>
      <object_component id="oc-12d">
         <name>.debug_info</name>
         <load_address>0x602ba</load_address>
         <run_address>0x602ba</run_address>
         <size>0xef</size>
         <input_file_ref idref="fl-4d"/>
      </object_component>
      <object_component id="oc-131">
         <name>.debug_info</name>
         <load_address>0x603a9</load_address>
         <run_address>0x603a9</run_address>
         <size>0x5c9</size>
         <input_file_ref idref="fl-4e"/>
      </object_component>
      <object_component id="oc-136">
         <name>.debug_info</name>
         <load_address>0x60972</load_address>
         <run_address>0x60972</run_address>
         <size>0xbc</size>
         <input_file_ref idref="fl-4f"/>
      </object_component>
      <object_component id="oc-13a">
         <name>.debug_info</name>
         <load_address>0x60a2e</load_address>
         <run_address>0x60a2e</run_address>
         <size>0x6dc</size>
         <input_file_ref idref="fl-50"/>
      </object_component>
      <object_component id="oc-13f">
         <name>.debug_info</name>
         <load_address>0x6110a</load_address>
         <run_address>0x6110a</run_address>
         <size>0x5bc</size>
         <input_file_ref idref="fl-51"/>
      </object_component>
      <object_component id="oc-144">
         <name>.debug_info</name>
[...]
      </symbol>
      <symbol id="sm-154a">
         <name>_c_int00</name>
         <value>0x30f87</value>
         <object_component_ref idref="oc-10"/>
      </symbol>
      <symbol id="sm-154b">
         <name>__stack</name>
         <value>0x37bf4</value>
         <object_component_ref idref="oc-f0"/>
      </symbol>
      <symbol id="sm-1555">
         <name>__tmpnams</name>
         <value>0x3745c</value>
         <object_component_ref idref="oc-f4"/>
      </symbol>
      <symbol id="sm-1556">
         <name>__ft_end</name>
         <value>0x3759c</value>
         <object_component_ref idref="oc-f4"/>
      </symbol>
      <symbol id="sm-1557">
         <name>__ftable</name>
         <value>0x3736c</value>
         <object_component_ref idref="oc-f4"/>
      </symbol>
      <symbol id="sm-1562">
         <name>__divul</name>
         <value>0x304fb</value>
         <object_component_ref idref="oc-f8"/>
      </symbol>
      <symbol id="sm-1572">
         <name>C$$EXIT</name>
         <value>0x310b1</value>
         <object_component_ref idref="oc-100"/>
      </symbol>
      <symbol id="sm-1573">
         <name>_exit</name>
         <value>0x30f0d</value>
         <object_component_ref idref="oc-fc"/>
      </symbol>
      <symbol id="sm-1574">
         <name>_abort</name>
         <value>0x310b0</value>
         <object_component_ref idref="oc-100"/>
      </symbol>
      <symbol id="sm-1575">
         <name>__cleanup_ptr</name>
         <value>0x37bd8</value>
         <object_component_ref idref="oc-fd"/>
      </symbol>
      <symbol id="sm-1576">
         <name>__dtors_ptr</name>
         <value>0x37bdc</value>
         <object_component_ref idref="oc-fd"/>
      </symbol>
      <symbol id="sm-1580">
         <name>__doflush</name>
         <value>0x300da</value>
         <object_component_ref idref="oc-103"/>
      </symbol>
      <symbol id="sm-1581">
         <name>_fflush</name>
         <value>0x30143</value>
         <object_component_ref idref="oc-103"/>
      </symbol>
      <symbol id="sm-158b">
         <name>_fscanf</name>
         <value>0x2f994</value>
         <object_component_ref idref="oc-107"/>
      </symbol>
      <symbol id="sm-158c">
         <name>_scanf</name>
         <value>0x2f958</value>
         <object_component_ref idref="oc-107"/>
      </symbol>
      <symbol id="sm-1594">
         <name>__mpyli</name>
         <value>0x31060</value>
         <object_component_ref idref="oc-10b"/>
      </symbol>
      <symbol id="sm-1595">
         <name>I$$LMPY</name>
         <value>0x31060</value>
         <object_component_ref idref="oc-10b"/>
      </symbol>
      <symbol id="sm-15a7">
         <name>_add_device</name>
         <value>0x2af2c</value>
         <object_component_ref idref="oc-10f"/>
      </symbol>
      <symbol id="sm-15a8">
         <name>_rename</name>
         <value>0x2ac4e</value>
         <object_component_ref idref="oc-10f"/>
      </symbol>
      <symbol id="sm-15a9">
         <name>_read</name>
         <value>0x2acdd</value>
         <object_component_ref idref="oc-10f"/>
      </symbol>
      <symbol id="sm-15aa">
         <name>_unlink</name>
         <value>0x2ac1b</value>
         <object_component_ref idref="oc-10f"/>
      </symbol>
      <symbol id="sm-15ab">
         <name>_remove_device</name>
         <value>0x2aca7</value>
         <object_component_ref idref="oc-10f"/>
      </symbol>
      <symbol id="sm-15ac">
         <name>_open</name>
         <value>0x2ad8b</value>
         <object_component_ref idref="oc-10f"/>
      </symbol>
      <symbol id="sm-15ad">
         <name>_find_registered_device</name>
         <value>0x2aeb0</value>
         <object_component_ref idref="oc-10f"/>
      </symbol>
      <symbol id="sm-15ae">
         <name>_lseek</name>
         <value>0x2ae4a</value>
         <object_component_ref idref="oc-10f"/>
      </symbol>
      <symbol id="sm-15af">
         <name>_close</name>
         <value>0x2aeb9</value>
         <object_component_ref idref="oc-10f"/>
      </symbol>
      <symbol id="sm-15b0">
         <name>_write</name>
         <value>0x2aad9</value>
         <object_component_ref idref="oc-10f"/>
      </symbol>
      <symbol id="sm-15ba">
         <name>_printf</name>
         <value>0x30d53</value>
         <object_component_ref idref="oc-115"/>
      </symbol>
      <symbol id="sm-15c5">
         <name>__remul</name>
         <value>0x3093e</value>
         <object_component_ref idref="oc-119"/>
      </symbol>
      <symbol id="sm-15cf">
         <name>_strlen</name>
         <value>0x31085</value>
         <object_component_ref idref="oc-11d"/>
      </symbol>
      <symbol id="sm-15db">
         <name>_HOSTopen</name>
         <value>0x2b327</value>
         <object_component_ref idref="oc-121"/>
      </symbol>
      <symbol id="sm-15dc">
         <name>_HOSTread</name>
         <value>0x2b29a</value>
         <object_component_ref idref="oc-121"/>
      </symbol>
      <symbol id="sm-15dd">
         <name>_HOSTtime</name>
         <value>0x2b18e</value>
         <object_component_ref idref="oc-121"/>
      </symbol>
      <symbol id="sm-15de">
         <name>_getenv</name>
         <value>0x2b01c</value>
         <object_component_ref idref="oc-121"/>
      </symbol>
      <symbol id="sm-15df">
         <name>_HOSTrename</name>
         <value>0x2b1ec</value>
         <object_component_ref idref="oc-121"/>
      </symbol>
      <symbol id="sm-15e0">
         <name>_HOSTclock</name>
         <value>0x2b4e6</value>
         <object_component_ref idref="oc-121"/>
      </symbol>
      <symbol id="sm-15e1">
         <name>_HOSTwrite</name>
         <value>0x2b097</value>
         <object_component_ref idref="oc-121"/>
      </symbol>
      <symbol id="sm-15e2">
         <name>_HOSTlseek</name>
         <value>0x2b3c6</value>
         <object_component_ref idref="oc-121"/>
      </symbol>
      <symbol id="sm-15e3">
         <name>_HOSTunlink</name>
         <value>0x2b124</value>
         <object_component_ref idref="oc-121"/>
      </symbol>
      <symbol id="sm-15e4">
         <name>_HOSTclose</name>
         <value>0x2b47b</value>
         <object_component_ref idref="oc-121"/>
      </symbol>
      <symbol id="sm-15f6">
         <name>C$$IO$$</name>
         <value>0x30251</value>
         <object_component_ref idref="oc-129"/>
      </symbol>
      <symbol id="sm-15f7">
         <name>__CIOBUF_</name>
         <value>0x3aa80</value>
         <object_component_ref idref="oc-128"/>
      </symbol>
      <symbol id="sm-15f8">
         <name>_readmsg</name>
         <value>0x30a8d</value>
         <object_component_ref idref="oc-126"/>
      </symbol>
      <symbol id="sm-15f9">
         <name>_writemsg</name>
         <value>0x3019c</value>
         <object_component_ref idref="oc-129"/>
      </symbol>
      <symbol id="sm-1601">
         <name>__remu</name>
         <value>0x30ffa</value>
         <object_component_ref idref="oc-12c"/>
      </symbol>
      <symbol id="sm-1602">
         <name>__divu</name>
         <value>0x30fe5</value>
         <object_component_ref idref="oc-12c"/>
      </symbol>
      <symbol id="sm-1603">
         <name>I$$UMOD</name>
         <value>0x30ffa</value>
         <object_component_ref idref="oc-12c"/>
      </symbol>
      <symbol id="sm-1604">
         <name>I$$UDIV</name>
         <value>0x30fe5</value>
         <object_component_ref idref="oc-12c"/>
      </symbol>
      <symbol id="sm-160e">
         <name>_ungetc</name>
         <value>0x30637</value>
         <object_component_ref idref="oc-130"/>
      </symbol>
      <symbol id="sm-1618">
         <name>_Reset</name>
         <value>0x100</value>
         <object_component_ref idref="oc-135"/>
      </symbol>
      <symbol id="sm-1622">
         <name>_vsprintf</name>
         <value>0x30bd2</value>
         <object_component_ref idref="oc-139"/>
      </symbol>
      <symbol id="sm-1630">
         <name>__unlock</name>
         <value>0x37bd4</value>
         <object_component_ref idref="oc-13e"/>
      </symbol>
      <symbol id="sm-1631">
         <name>__lock</name>
         <value>0x37bd0</value>
         <object_component_ref idref="oc-13e"/>
      </symbol>
      <symbol id="sm-1632">
         <name>__register_lock</name>
         <value>0x3107b</value>
         <object_component_ref idref="oc-13d"/>
      </symbol>
      <symbol id="sm-1633">
         <name>__nop</name>
         <value>0x31083</value>
         <object_component_ref idref="oc-13d"/>
      </symbol>
      <symbol id="sm-1634">
         <name>__register_unlock</name>
         <value>0x31073</value>
         <object_component_ref idref="oc-13d"/>
      </symbol>
      <symbol id="sm-1646">
         <name>__printfi</name>
         <value>0x20f41</value>
         <object_component_ref idref="oc-143"/>
      </symbol>
      <symbol id="sm-1654">
         <name>__scanfi</name>
         <value>0x23afe</value>
         <object_component_ref idref="oc-149"/>
      </symbol>
      <symbol id="sm-165e">
         <name>__args_main</name>
         <value>0x30df0</value>
         <object_component_ref idref="oc-14d"/>
      </symbol>
      <symbol id="sm-165f">
         <name>__TI_args_main</name>
         <value>0x1</value>
      </symbol>
      <symbol id="sm-1669">
         <name>_atoi</name>
         <value>0x30ca3</value>
         <object_component_ref idref="oc-151"/>
      </symbol>
      <symbol id="sm-1671">
         <name>_auto_init</name>
         <value>0x30da3</value>
         <object_component_ref idref="oc-155"/>
      </symbol>
      <symbol id="sm-167b">
         <name>__eqld</name>
         <value>0x2f2a7</value>
         <object_component_ref idref="oc-159"/>
      </symbol>
      <symbol id="sm-167c">
         <name>__cmpd</name>
         <value>0x2f2db</value>
         <object_component_ref idref="oc-159"/>
      </symbol>
      <symbol id="sm-167d">
         <name>__neqd</name>
         <value>0x2f149</value>
         <object_component_ref idref="oc-159"/>
      </symbol>
      <symbol id="sm-167e">
         <name>__gtrd</name>
         <value>0x2f212</value>
         <object_component_ref idref="oc-159"/>
      </symbol>
      <symbol id="sm-167f">
         <name>__geqd</name>
         <value>0x2f25d</value>
         <object_component_ref idref="oc-159"/>
      </symbol>
      <symbol id="sm-1680">
         <name>__leqd</name>
         <value>0x2f1c5</value>
         <object_component_ref idref="oc-159"/>
      </symbol>
      <symbol id="sm-1681">
         <name>__lssd</name>
         <value>0x2f17d</value>
         <object_component_ref idref="oc-159"/>
      </symbol>
      <symbol id="sm-1689">
         <name>__ctypes_</name>
         <value>0x3a1e6</value>
         <object_component_ref idref="oc-204"/>
      </symbol>
      <symbol id="sm-1695">
         <name>__divd</name>
         <value>0x2c7f3</value>
         <object_component_ref idref="oc-15f"/>
      </symbol>
      <symbol id="sm-169f">
         <name>_getchar</name>
         <value>0x30628</value>
         <object_component_ref idref="oc-163"/>
      </symbol>
      <symbol id="sm-16a0">
         <name>_getc</name>
         <value>0x3059c</value>
         <object_component_ref idref="oc-163"/>
      </symbol>
      <symbol id="sm-16a1">
         <name>_fgetc</name>
         <value>0x3059c</value>
         <object_component_ref idref="oc-163"/>
      </symbol>
      <symbol id="sm-16ab">
         <name>__fixdi</name>
         <value>0x30fbb</value>
         <object_component_ref idref="oc-167"/>
      </symbol>
      <symbol id="sm-16b5">
         <name>__fixdli</name>
         <value>0x309b0</value>
         <object_component_ref idref="oc-16b"/>
      </symbol>
      <symbol id="sm-16c1">
         <name>__fltlid</name>
         <value>0x30c3c</value>
         <object_component_ref idref="oc-16f"/>
      </symbol>
      <symbol id="sm-16cb">
         <name>_putchar</name>
         <value>0x30446</value>
         <object_component_ref idref="oc-174"/>
      </symbol>
      <symbol id="sm-16cc">
         <name>_putc</name>
         <value>0x303af</value>
         <object_component_ref idref="oc-174"/>
      </symbol>
      <symbol id="sm-16cd">
         <name>_fputc</name>
         <value>0x303af</value>
         <object_component_ref idref="oc-174"/>
      </symbol>
      <symbol id="sm-16db">
         <name>_puts</name>
         <value>0x2f92a</value>
         <object_component_ref idref="oc-178"/>
      </symbol>
      <symbol id="sm-16dc">
         <name>_fputs</name>
         <value>0x2f7f5</value>
         <object_component_ref idref="oc-178"/>
      </symbol>
      <symbol id="sm-16e6">
         <name>__frcmpyd_div</name>
         <value>0x308cb</value>
         <object_component_ref idref="oc-17d"/>
      </symbol>
      <symbol id="sm-16f0">
         <name>___isinf</name>
         <value>0x31032</value>
         <object_component_ref idref="oc-181"/>
      </symbol>
      <symbol id="sm-16fa">
         <name>__divull</name>
         <value>0x2e717</value>
         <object_component_ref idref="oc-185"/>
      </symbol>
      <symbol id="sm-16fb">
         <name>__mpylli</name>
         <value>0x2e65f</value>
         <object_component_ref idref="oc-185"/>
      </symbol>
      <symbol id="sm-16fc">
         <name>__remlli</name>
         <value>0x2e630</value>
         <object_component_ref idref="oc-185"/>
      </symbol>
      <symbol id="sm-16fd">
         <name>__divlli</name>
         <value>0x2e80b</value>
         <object_component_ref idref="oc-185"/>
      </symbol>
      <symbol id="sm-16fe">
         <name>__remull</name>
         <value>0x2e5e2</value>
         <object_component_ref idref="oc-185"/>
      </symbol>
      <symbol id="sm-1708">
         <name>_ltoa</name>
         <value>0x3075d</value>
         <object_component_ref idref="oc-189"/>
      </symbol>
      <symbol id="sm-1713">
         <name>_memccpy</name>
         <value>0x3100f</value>
         <object_component_ref idref="oc-18d"/>
      </symbol>
      <symbol id="sm-171b">
         <name>_memcpy</name>
         <value>0x30ece</value>
         <object_component_ref idref="oc-191"/>
      </symbol>
      <symbol id="sm-1725">
         <name>__mpyd</name>
         <value>0x2fab9</value>
         <object_component_ref idref="oc-195"/>
      </symbol>
      <symbol id="sm-172f">
         <name>__negd</name>
         <value>0x31096</value>
         <object_component_ref idref="oc-199"/>
      </symbol>
      <symbol id="sm-1739">
         <name>__remli</name>
         <value>0x30e3b</value>
         <object_component_ref idref="oc-19d"/>
      </symbol>
      <symbol id="sm-1743">
         <name>_setvbuf</name>
         <value>0x2fe33</value>
         <object_component_ref idref="oc-1a1"/>
      </symbol>
      <symbol id="sm-1753">
         <name>_strtod</name>
         <value>0x2dba9</value>
         <object_component_ref idref="oc-1a5"/>
      </symbol>
      <symbol id="sm-175d">
         <name>_strtol</name>
         <value>0x2ef41</value>
         <object_component_ref idref="oc-1aa"/>
      </symbol>
      <symbol id="sm-176d">
         <name>_strtold</name>
         <value>0x2de66</value>
         <object_component_ref idref="oc-1ae"/>
      </symbol>
      <symbol id="sm-1777">
         <name>_strtoll</name>
         <value>0x2d5bd</value>
         <object_component_ref idref="oc-1b3"/>
      </symbol>
      <symbol id="sm-1781">
         <name>_strtoul</name>
         <value>0x2f333</value>
         <object_component_ref idref="oc-1b7"/>
      </symbol>
      <symbol id="sm-178b">
         <name>_strtoull</name>
         <value>0x2ecf6</value>
         <object_component_ref idref="oc-1bb"/>
      </symbol>
      <symbol id="sm-1795">
         <name>__subd</name>
         <value>0x3104c</value>
         <object_component_ref idref="oc-1bf"/>
      </symbol>
      <symbol id="sm-179f">
         <name>__buff_read</name>
         <value>0x30256</value>
         <object_component_ref idref="oc-1c3"/>
      </symbol>
      <symbol id="sm-17a9">
         <name>__rd_ok</name>
         <value>0x3007d</value>
         <object_component_ref idref="oc-1c7"/>
      </symbol>
      <symbol id="sm-17aa">
         <name>__wrt_ok</name>
         <value>0x2fffd</value>
         <object_component_ref idref="oc-1c7"/>
      </symbol>
      <symbol id="sm-17b4">
         <name>__addd</name>
         <value>0x2ea9c</value>
         <object_component_ref idref="oc-1cb"/>
      </symbol>
      <symbol id="sm-17be">
         <name>__divli</name>
         <value>0x30e86</value>
         <object_component_ref idref="oc-1cf"/>
      </symbol>
      <symbol id="sm-17c8">
         <name>_errno</name>
         <value>0x37bf0</value>
         <object_component_ref idref="oc-1d3"/>
      </symbol>
      <symbol id="sm-17d7">
         <name>__cleanup</name>
         <value>0x2e226</value>
         <object_component_ref idref="oc-1d7"/>
      </symbol>
      <symbol id="sm-17d8">
         <name>_fopen</name>
         <value>0x2e349</value>
         <object_component_ref idref="oc-1d7"/>
      </symbol>
      <symbol id="sm-17d9">
         <name>_freopen</name>
         <value>0x2e280</value>
         <object_component_ref idref="oc-1d7"/>
      </symbol>
      <symbol id="sm-17e3">
         <name>__frcmpyd</name>
         <value>0x30855</value>
         <object_component_ref idref="oc-1dd"/>
      </symbol>
      <symbol id="sm-17ed">
         <name>_fseek</name>
         <value>0x30b67</value>
         <object_component_ref idref="oc-1e1"/>
      </symbol>
      <symbol id="sm-17f5">
         <name>__remi</name>
         <value>0x30f6a</value>
         <object_component_ref idref="oc-1e5"/>
      </symbol>
      <symbol id="sm-17f6">
         <name>__divi</name>
         <value>0x30f4b</value>
         <object_component_ref idref="oc-1e5"/>
      </symbol>
      <symbol id="sm-17f7">
         <name>I$$MOD</name>
         <value>0x30f6a</value>
         <object_component_ref idref="oc-1e5"/>
      </symbol>
      <symbol id="sm-17f8">
         <name>I$$DIV</name>
         <value>0x30f4b</value>
         <object_component_ref idref="oc-1e5"/>
      </symbol>
      <symbol id="sm-1808">
         <name>__sys_memory</name>
         <value>0x310ba</value>
         <object_component_ref idref="oc-1ed"/>
      </symbol>
      <symbol id="sm-1809">
         <name>_chkheap</name>
         <value>0x2c3f4</value>
         <object_component_ref idref="oc-1e9"/>
      </symbol>
      <symbol id="sm-180a">
         <name>_realloc</name>
         <value>0x2c193</value>
         <object_component_ref idref="oc-1e9"/>
      </symbol>
      <symbol id="sm-180b">
         <name>_free_memory</name>
         <value>0x2c39e</value>
         <object_component_ref idref="oc-1e9"/>
      </symbol>
      <symbol id="sm-180c">
         <name>_max_free</name>
         <value>0x2c344</value>
         <object_component_ref idref="oc-1e9"/>
      </symbol>
      <symbol id="sm-180d">
         <name>_free</name>
         <value>0x2bf6d</value>
         <object_component_ref idref="oc-1e9"/>
      </symbol>
      <symbol id="sm-180e">
         <name>_calloc</name>
         <value>0x2c3fc</value>
         <object_component_ref idref="oc-1e9"/>
      </symbol>
      <symbol id="sm-180f">
         <name>_malloc</name>
         <value>0x2c09e</value>
         <object_component_ref idref="oc-1e9"/>
      </symbol>
      <symbol id="sm-1810">
         <name>_minit</name>
         <value>0x2c039</value>
         <object_component_ref idref="oc-1e9"/>
      </symbol>
      <symbol id="sm-181a">
         <name>_fclose</name>
         <value>0x307da</value>
         <object_component_ref idref="oc-1f0"/>
      </symbol>
      <symbol id="sm-1824">
         <name>_remove</name>
         <value>0x310a6</value>
         <object_component_ref idref="oc-1f4"/>
      </symbol>
   </symbol_table>
</link_info>
